Archive member included to satisfy reference by file (symbol)

d:/10 2021.10/bin/../lib/gcc/arm-none-eabi/10.3.1/../../../../arm-none-eabi/lib/thumb/v7-m/nofp\libc_nano.a(lib_a-exit.o)
                              d:/10 2021.10/bin/../lib/gcc/arm-none-eabi/10.3.1/../../../../arm-none-eabi/lib/thumb/v7-m/nofp/crt0.o (exit)
d:/10 2021.10/bin/../lib/gcc/arm-none-eabi/10.3.1/../../../../arm-none-eabi/lib/thumb/v7-m/nofp\libc_nano.a(lib_a-impure.o)
                              d:/10 2021.10/bin/../lib/gcc/arm-none-eabi/10.3.1/../../../../arm-none-eabi/lib/thumb/v7-m/nofp\libc_nano.a(lib_a-exit.o) (_global_impure_ptr)
d:/10 2021.10/bin/../lib/gcc/arm-none-eabi/10.3.1/../../../../arm-none-eabi/lib/thumb/v7-m/nofp\libc_nano.a(lib_a-init.o)
                              d:/10 2021.10/bin/../lib/gcc/arm-none-eabi/10.3.1/../../../../arm-none-eabi/lib/thumb/v7-m/nofp/crt0.o (__libc_init_array)
d:/10 2021.10/bin/../lib/gcc/arm-none-eabi/10.3.1/../../../../arm-none-eabi/lib/thumb/v7-m/nofp\libc_nano.a(lib_a-memset.o)
                              d:/10 2021.10/bin/../lib/gcc/arm-none-eabi/10.3.1/../../../../arm-none-eabi/lib/thumb/v7-m/nofp/crt0.o (memset)
d:/10 2021.10/bin/../lib/gcc/arm-none-eabi/10.3.1/../../../../arm-none-eabi/lib/thumb/v7-m/nofp\libc_nano.a(lib_a-sprintf.o)
                              build/main.o (sprintf)
d:/10 2021.10/bin/../lib/gcc/arm-none-eabi/10.3.1/../../../../arm-none-eabi/lib/thumb/v7-m/nofp\libc_nano.a(lib_a-strlen.o)
                              build/main.o (strlen)
d:/10 2021.10/bin/../lib/gcc/arm-none-eabi/10.3.1/../../../../arm-none-eabi/lib/thumb/v7-m/nofp\libc_nano.a(lib_a-nano-svfprintf.o)
                              d:/10 2021.10/bin/../lib/gcc/arm-none-eabi/10.3.1/../../../../arm-none-eabi/lib/thumb/v7-m/nofp\libc_nano.a(lib_a-sprintf.o) (_svfprintf_r)
d:/10 2021.10/bin/../lib/gcc/arm-none-eabi/10.3.1/../../../../arm-none-eabi/lib/thumb/v7-m/nofp\libc_nano.a(lib_a-nano-vfprintf_i.o)
                              d:/10 2021.10/bin/../lib/gcc/arm-none-eabi/10.3.1/../../../../arm-none-eabi/lib/thumb/v7-m/nofp\libc_nano.a(lib_a-nano-svfprintf.o) (_printf_i)
d:/10 2021.10/bin/../lib/gcc/arm-none-eabi/10.3.1/../../../../arm-none-eabi/lib/thumb/v7-m/nofp\libc_nano.a(lib_a-memchr-stub.o)
                              d:/10 2021.10/bin/../lib/gcc/arm-none-eabi/10.3.1/../../../../arm-none-eabi/lib/thumb/v7-m/nofp\libc_nano.a(lib_a-nano-svfprintf.o) (memchr)
d:/10 2021.10/bin/../lib/gcc/arm-none-eabi/10.3.1/../../../../arm-none-eabi/lib/thumb/v7-m/nofp\libc_nano.a(lib_a-memcpy-stub.o)
                              d:/10 2021.10/bin/../lib/gcc/arm-none-eabi/10.3.1/../../../../arm-none-eabi/lib/thumb/v7-m/nofp\libc_nano.a(lib_a-nano-svfprintf.o) (memcpy)
d:/10 2021.10/bin/../lib/gcc/arm-none-eabi/10.3.1/../../../../arm-none-eabi/lib/thumb/v7-m/nofp\libc_nano.a(lib_a-memmove.o)
                              d:/10 2021.10/bin/../lib/gcc/arm-none-eabi/10.3.1/../../../../arm-none-eabi/lib/thumb/v7-m/nofp\libc_nano.a(lib_a-nano-svfprintf.o) (memmove)
d:/10 2021.10/bin/../lib/gcc/arm-none-eabi/10.3.1/../../../../arm-none-eabi/lib/thumb/v7-m/nofp\libc_nano.a(lib_a-nano-freer.o)
                              d:/10 2021.10/bin/../lib/gcc/arm-none-eabi/10.3.1/../../../../arm-none-eabi/lib/thumb/v7-m/nofp\libc_nano.a(lib_a-nano-svfprintf.o) (_free_r)
d:/10 2021.10/bin/../lib/gcc/arm-none-eabi/10.3.1/../../../../arm-none-eabi/lib/thumb/v7-m/nofp\libc_nano.a(lib_a-nano-mallocr.o)
                              d:/10 2021.10/bin/../lib/gcc/arm-none-eabi/10.3.1/../../../../arm-none-eabi/lib/thumb/v7-m/nofp\libc_nano.a(lib_a-nano-svfprintf.o) (_malloc_r)
d:/10 2021.10/bin/../lib/gcc/arm-none-eabi/10.3.1/../../../../arm-none-eabi/lib/thumb/v7-m/nofp\libc_nano.a(lib_a-nano-reallocr.o)
                              d:/10 2021.10/bin/../lib/gcc/arm-none-eabi/10.3.1/../../../../arm-none-eabi/lib/thumb/v7-m/nofp\libc_nano.a(lib_a-nano-svfprintf.o) (_realloc_r)
d:/10 2021.10/bin/../lib/gcc/arm-none-eabi/10.3.1/../../../../arm-none-eabi/lib/thumb/v7-m/nofp\libc_nano.a(lib_a-sbrkr.o)
                              d:/10 2021.10/bin/../lib/gcc/arm-none-eabi/10.3.1/../../../../arm-none-eabi/lib/thumb/v7-m/nofp\libc_nano.a(lib_a-nano-mallocr.o) (_sbrk_r)
d:/10 2021.10/bin/../lib/gcc/arm-none-eabi/10.3.1/../../../../arm-none-eabi/lib/thumb/v7-m/nofp\libc_nano.a(lib_a-mlock.o)
                              d:/10 2021.10/bin/../lib/gcc/arm-none-eabi/10.3.1/../../../../arm-none-eabi/lib/thumb/v7-m/nofp\libc_nano.a(lib_a-nano-freer.o) (__malloc_lock)
d:/10 2021.10/bin/../lib/gcc/arm-none-eabi/10.3.1/../../../../arm-none-eabi/lib/thumb/v7-m/nofp\libc_nano.a(lib_a-nano-msizer.o)
                              d:/10 2021.10/bin/../lib/gcc/arm-none-eabi/10.3.1/../../../../arm-none-eabi/lib/thumb/v7-m/nofp\libc_nano.a(lib_a-nano-reallocr.o) (_malloc_usable_size_r)
d:/10 2021.10/bin/../lib/gcc/arm-none-eabi/10.3.1/../../../../arm-none-eabi/lib/thumb/v7-m/nofp\libc_nano.a(lib_a-reent.o)
[...]
Memory Configuration

Name             Origin             Length             Attributes
RAM              0x20000000         0x00005000         xrw
FLASH            0x08000000         0x00010000         xr
*default*        0x00000000         0xffffffff

Linker script and memory map

LOAD d:/10 2021.10/bin/../lib/gcc/arm-none-eabi/10.3.1/thumb/v7-m/nofp/crti.o
LOAD d:/10 2021.10/bin/../lib/gcc/arm-none-eabi/10.3.1/thumb/v7-m/nofp/crtbegin.o
LOAD d:/10 2021.10/bin/../lib/gcc/arm-none-eabi/10.3.1/../../../../arm-none-eabi/lib/thumb/v7-m/nofp/crt0.o
LOAD build/main.o
LOAD build/gpio.o
LOAD build/usart.o
LOAD build/stm32f1xx_it.o
LOAD build/stm32f1xx_hal_msp.o
LOAD build/stm32f1xx_hal_gpio_ex.o
LOAD build/stm32f1xx_hal_tim.o
LOAD build/stm32f1xx_hal_tim_ex.o
LOAD build/stm32f1xx_hal_uart.o
LOAD build/stm32f1xx_hal.o
LOAD build/stm32f1xx_hal_rcc.o
LOAD build/stm32f1xx_hal_rcc_ex.o
LOAD build/stm32f1xx_hal_gpio.o
LOAD build/stm32f1xx_hal_dma.o
LOAD build/stm32f1xx_hal_cortex.o
LOAD build/stm32f1xx_hal_pwr.o
LOAD build/stm32f1xx_hal_flash.o
LOAD build/stm32f1xx_hal_flash_ex.o
LOAD build/stm32f1xx_hal_exti.o
LOAD build/system_stm32f1xx.o
LOAD build/startup_stm32f103xb.o
LOAD d:/10 2021.10/bin/../lib/gcc/arm-none-eabi/10.3.1/../../../../arm-none-eabi/lib/thumb/v7-m/nofp\libc_nano.a
LOAD d:/10 2021.10/bin/../lib/gcc/arm-none-eabi/10.3.1/../../../../arm-none-eabi/lib/thumb/v7-m/nofp\libm.a
LOAD d:/10 2021.10/bin/../lib/gcc/arm-none-eabi/10.3.1/../../../../arm-none-eabi/lib/thumb/v7-m/nofp\libnosys.a
START GROUP
LOAD d:/10 2021.10/bin/../lib/gcc/arm-none-eabi/10.3.1/thumb/v7-m/nofp\libgcc.a
LOAD d:/10 2021.10/bin/../lib/gcc/arm-none-eabi/10.3.1/../../../../arm-none-eabi/lib/thumb/v7-m/nofp\libc_nano.a
END GROUP
START GROUP
LOAD d:/10 2021.10/bin/../lib/gcc/arm-none-eabi/10.3.1/thumb/v7-m/nofp\libgcc.a
LOAD d:/10 2021.10/bin/../lib/gcc/arm-none-eabi/10.3.1/../../../../arm-none-eabi/lib/thumb/v7-m/nofp\libc_nano.a
END GROUP
LOAD d:/10 2021.10/bin/../lib/gcc/arm-none-eabi/10.3.1/thumb/v7-m/nofp/crtend.o
LOAD d:/10 2021.10/bin/../lib/gcc/arm-none-eabi/10.3.1/thumb/v7-m/nofp/crtn.o
                0x20005000                _estack = (ORIGIN (RAM) + LENGTH (RAM))
                0x00000200                _Min_Heap_Size = 0x200
                0x00000400                _Min_Stack_Size = 0x400

.isr_vector     0x08000000      0x10c
                0x08000000                . = ALIGN (0x4)
 *(.isr_vector)
 .isr_vector    0x08000000      0x10c build/startup_stm32f103xb.o
                0x08000000                g_pfnVectors
                0x0800010c                . = ALIGN (0x4)

.text           0x0800010c     0x1e18
                0x0800010c                . = ALIGN (0x4)
 *(.text)
 .text          0x0800010c       0x40 d:/10 2021.10/bin/../lib/gcc/arm-none-eabi/10.3.1/thumb/v7-m/nofp/crtbegin.o
 .text          0x0800014c       0x10 d:/10 2021.10/bin/../lib/gcc/arm-none-eabi/10.3.1/../../../../arm-none-eabi/lib/thumb/v7-m/nofp\libc_nano.a(lib_a-strlen.o)
                0x0800014c                strlen
 *(.text*)
 .text.nextion_sendstring
                0x0800015c       0x40 build/main.o
                0x0800015c                nextion_sendstring
 .text.HAL_UART_RxCpltCallback
                0x0800019c       0x48 build/main.o
                0x0800019c                HAL_UART_RxCpltCallback
 .text.Error_Handler
                0x080001e4        0x4 build/main.o
                0x080001e4                Error_Handler
 .text.SystemClock_Config
                0x080001e8       0x64 build/main.o
                0x080001e8                SystemClock_Config
 .text.main     0x0800024c       0x48 build/main.o
                0x0800024c                main
 .text.MX_GPIO_Init
                0x08000294       0x78 build/gpio.o
                0x08000294                MX_GPIO_Init
 .text.MX_USART1_UART_Init
                0x0800030c       0x34 build/usart.o
                0x0800030c                MX_USART1_UART_Init
 .text.HAL_UART_MspInit
                0x08000340       0x88 build/usart.o
                0x08000340                HAL_UART_MspInit
 .text.NMI_Handler
                0x080003c8        0x2 build/stm32f1xx_it.o
                0x080003c8                NMI_Handler
 .text.HardFault_Handler
                0x080003ca        0x2 build/stm32f1xx_it.o
                0x080003ca                HardFault_Handler
 .text.MemManage_Handler
                0x080003cc        0x2 build/stm32f1xx_it.o
                0x080003cc                MemManage_Handler
 .text.BusFault_Handler
                0x080003ce        0x2 build/stm32f1xx_it.o
                0x080003ce                BusFault_Handler
 .text.UsageFault_Handler
                0x080003d0        0x2 build/stm32f1xx_it.o
                0x080003d0                UsageFault_Handler
 .text.SVC_Handler
                0x080003d2        0x2 build/stm32f1xx_it.o
                0x080003d2                SVC_Handler
 .text.DebugMon_Handler
                0x080003d4        0x2 build/stm32f1xx_it.o
                0x080003d4                DebugMon_Handler
 .text.PendSV_Handler
                0x080003d6        0x2 build/stm32f1xx_it.o
                0x080003d6                PendSV_Handler
 .text.SysTick_Handler
                0x080003d8        0x8 build/stm32f1xx_it.o
                0x080003d8                SysTick_Handler
 .text.USART1_IRQHandler
                0x080003e0       0x10 build/stm32f1xx_it.o
                0x080003e0                USART1_IRQHandler
 .text.HAL_MspInit
                0x080003f0       0x44 build/stm32f1xx_hal_msp.o
                0x080003f0                HAL_MspInit
 .text.UART_EndRxTransfer
                0x08000434       0x32 build/stm32f1xx_hal_uart.o
 .text.UART_Transmit_IT
                0x08000466       0x60 build/stm32f1xx_hal_uart.o
 *fill*         0x080004c6        0x2 
 .text.UART_SetConfig
                0x080004c8       0x94 build/stm32f1xx_hal_uart.o
 .text.UART_WaitOnFlagUntilTimeout
                0x0800055c       0x6c build/stm32f1xx_hal_uart.o
 .text.HAL_UART_Init
                0x080005c8       0x5e build/stm32f1xx_hal_uart.o
                0x080005c8                HAL_UART_Init
 .text.HAL_UART_Transmit
                0x08000626       0xd8 build/stm32f1xx_hal_uart.o
                0x08000626                HAL_UART_Transmit
 .text.HAL_UART_TxCpltCallback
                0x080006fe        0x2 build/stm32f1xx_hal_uart.o
                0x080006fe                HAL_UART_TxCpltCallback
 .text.UART_EndTransmit_IT
                0x08000700       0x1a build/stm32f1xx_hal_uart.o
 .text.HAL_UART_ErrorCallback
                0x0800071a        0x2 build/stm32f1xx_hal_uart.o
                0x0800071a                HAL_UART_ErrorCallback
 .text.UART_DMAAbortOnError
                0x0800071c       0x10 build/stm32f1xx_hal_uart.o
 .text.HAL_UARTEx_RxEventCallback
                0x0800072c        0x2 build/stm32f1xx_hal_uart.o
                0x0800072c                HAL_UARTEx_RxEventCallback
 .text.UART_Receive_IT
                0x0800072e       0xd4 build/stm32f1xx_hal_uart.o
 *fill*         0x08000802        0x2 
 .text.HAL_UART_IRQHandler
                0x08000804      0x204 build/stm32f1xx_hal_uart.o
                0x08000804                HAL_UART_IRQHandler
 .text.UART_Start_Receive_IT
                0x08000a08       0x36 build/stm32f1xx_hal_uart.o
                0x08000a08                UART_Start_Receive_IT
 .text.HAL_UART_Receive_IT
                0x08000a3e       0x38 build/stm32f1xx_hal_uart.o
                0x08000a3e                HAL_UART_Receive_IT
 *fill*         0x08000a76        0x2 
 .text.HAL_InitTick
                0x08000a78       0x4c build/stm32f1xx_hal.o
                0x08000a78                HAL_InitTick
 .text.HAL_Init
                0x08000ac4       0x24 build/stm32f1xx_hal.o
                0x08000ac4                HAL_Init
 .text.HAL_IncTick
                0x08000ae8       0x18 build/stm32f1xx_hal.o
                0x08000ae8                HAL_IncTick
 .text.HAL_GetTick
                0x08000b00        0xc build/stm32f1xx_hal.o
                0x08000b00                HAL_GetTick
 .text.RCC_Delay
                0x08000b0c       0x2c build/stm32f1xx_hal_rcc.o
 .text.HAL_RCC_OscConfig
                0x08000b38      0x410 build/stm32f1xx_hal_rcc.o
                0x08000b38                HAL_RCC_OscConfig
 .text.HAL_RCC_GetSysClockFreq
                0x08000f48       0x70 build/stm32f1xx_hal_rcc.o
                0x08000f48                HAL_RCC_GetSysClockFreq
 .text.HAL_RCC_ClockConfig
                0x08000fb8      0x16c build/stm32f1xx_hal_rcc.o
                0x08000fb8                HAL_RCC_ClockConfig
 .text.HAL_RCC_GetHCLKFreq
                0x08001124        0xc build/stm32f1xx_hal_rcc.o
                0x08001124                HAL_RCC_GetHCLKFreq
 .text.HAL_RCC_GetPCLK1Freq
                0x08001130       0x20 build/stm32f1xx_hal_rcc.o
                0x08001130                HAL_RCC_GetPCLK1Freq
 .text.HAL_RCC_GetPCLK2Freq
                0x08001150       0x20 build/stm32f1xx_hal_rcc.o
                0x08001150                HAL_RCC_GetPCLK2Freq
 .text.HAL_GPIO_Init
                0x08001170      0x224 build/stm32f1xx_hal_gpio.o
                0x08001170                HAL_GPIO_Init
 .text.HAL_GPIO_WritePin
                0x08001394        0xc build/stm32f1xx_hal_gpio.o
                0x08001394                HAL_GPIO_WritePin
 .text.HAL_DMA_Abort
                0x080013a0       0x44 build/stm32f1xx_hal_dma.o
                0x080013a0                HAL_DMA_Abort
 .text.HAL_DMA_Abort_IT
                0x080013e4       0x98 build/stm32f1xx_hal_dma.o
                0x080013e4                HAL_DMA_Abort_IT
 .text.HAL_NVIC_SetPriorityGrouping
                0x0800147c       0x24 build/stm32f1xx_hal_cortex.o
                0x0800147c                HAL_NVIC_SetPriorityGrouping
 .text.HAL_NVIC_SetPriority
                0x080014a0       0x70 build/stm32f1xx_hal_cortex.o
                0x080014a0                HAL_NVIC_SetPriority
 .text.HAL_NVIC_EnableIRQ
                0x08001510       0x1c build/stm32f1xx_hal_cortex.o
                0x08001510                HAL_NVIC_EnableIRQ
 .text.HAL_SYSTICK_Config
                0x0800152c       0x28 build/stm32f1xx_hal_cortex.o
                0x0800152c                HAL_SYSTICK_Config
 .text.SystemInit
                0x08001554        0x2 build/system_stm32f1xx.o
                0x08001554                SystemInit
 *fill*         0x08001556        0x2 
 .text.Reset_Handler
                0x08001558       0x48 build/startup_stm32f103xb.o
                0x08001558                Reset_Handler
 .text.Default_Handler
                0x080015a0        0x2 build/startup_stm32f103xb.o
                0x080015a0                RTC_Alarm_IRQHandler
                0x080015a0                EXTI2_IRQHandler
                0x080015a0                TIM1_CC_IRQHandler
                0x080015a0                PVD_IRQHandler
                0x080015a0                EXTI3_IRQHandler
                0x080015a0                EXTI0_IRQHandler
                0x080015a0                I2C2_EV_IRQHandler
                0x080015a0                ADC1_2_IRQHandler
                0x080015a0                SPI1_IRQHandler
                0x080015a0                TAMPER_IRQHandler
                0x080015a0                DMA1_Channel4_IRQHandler
                0x080015a0                USART3_IRQHandler
                0x080015a0                RTC_IRQHandler
                0x080015a0                DMA1_Channel7_IRQHandler
                0x080015a0                CAN1_RX1_IRQHandler
                0x080015a0                TIM4_IRQHandler
                0x080015a0                I2C1_EV_IRQHandler
                0x080015a0                DMA1_Channel6_IRQHandler
                0x080015a0                TIM3_IRQHandler
                0x080015a0                RCC_IRQHandler
                0x080015a0                TIM1_TRG_COM_IRQHandler
                0x080015a0                DMA1_Channel1_IRQHandler
                0x080015a0                Default_Handler
                0x080015a0                EXTI15_10_IRQHandler
                0x080015a0                EXTI9_5_IRQHandler
                0x080015a0                SPI2_IRQHandler
                0x080015a0                DMA1_Channel5_IRQHandler
                0x080015a0                EXTI4_IRQHandler
                0x080015a0                USB_LP_CAN1_RX0_IRQHandler
                0x080015a0                USB_HP_CAN1_TX_IRQHandler
                0x080015a0                DMA1_Channel3_IRQHandler
                0x080015a0                TIM1_UP_IRQHandler
                0x080015a0                WWDG_IRQHandler
                0x080015a0                TIM2_IRQHandler
                0x080015a0                TIM1_BRK_IRQHandler
                0x080015a0                EXTI1_IRQHandler
                0x080015a0                USART2_IRQHandler
                0x080015a0                I2C2_ER_IRQHandler
                0x080015a0                DMA1_Channel2_IRQHandler
                0x080015a0                CAN1_SCE_IRQHandler
                0x080015a0                FLASH_IRQHandler
                0x080015a0                I2C1_ER_IRQHandler
                0x080015a0                USBWakeUp_IRQHandler
 *fill*         0x080015a2        0x2 
 .text.__libc_init_array
                0x080015a4       0x48 d:/10 2021.10/bin/../lib/gcc/arm-none-eabi/10.3.1/../../../../arm-none-eabi/lib/thumb/v7-m/nofp\libc_nano.a(lib_a-init.o)
                0x080015a4                __libc_init_array
 .text.memset   0x080015ec       0x10 d:/10 2021.10/bin/../lib/gcc/arm-none-eabi/10.3.1/../../../../arm-none-eabi/lib/thumb/v7-m/nofp\libc_nano.a(lib_a-memset.o)
                0x080015ec                memset
 .text.sprintf  0x080015fc       0x40 d:/10 2021.10/bin/../lib/gcc/arm-none-eabi/10.3.1/../../../../arm-none-eabi/lib/thumb/v7-m/nofp\libc_nano.a(lib_a-sprintf.o)
                0x080015fc                siprintf
                0x080015fc                sprintf
 .text.__ssputs_r
                0x0800163c       0xb6 d:/10 2021.10/bin/../lib/gcc/arm-none-eabi/10.3.1/../../../../arm-none-eabi/lib/thumb/v7-m/nofp\libc_nano.a(lib_a-nano-svfprintf.o)
                0x0800163c                __ssputs_r
 *fill*         0x080016f2        0x2 
 .text._svfprintf_r
                0x080016f4      0x200 d:/10 2021.10/bin/../lib/gcc/arm-none-eabi/10.3.1/../../../../arm-none-eabi/lib/thumb/v7-m/nofp\libc_nano.a(lib_a-nano-svfprintf.o)
                0x080016f4                _svfiprintf_r
                0x080016f4                _svfprintf_r
 .text._printf_common
                0x080018f4       0xde d:/10 2021.10/bin/../lib/gcc/arm-none-eabi/10.3.1/../../../../arm-none-eabi/lib/thumb/v7-m/nofp\libc_nano.a(lib_a-nano-vfprintf_i.o)
                0x080018f4                _printf_common
 *fill*         0x080019d2        0x2 
 .text._printf_i
                0x080019d4      0x24c d:/10 2021.10/bin/../lib/gcc/arm-none-eabi/10.3.1/../../../../arm-none-eabi/lib/thumb/v7-m/nofp\libc_nano.a(lib_a-nano-vfprintf_i.o)
                0x080019d4                _printf_i
 .text.memchr   0x08001c20       0x1c d:/10 2021.10/bin/../lib/gcc/arm-none-eabi/10.3.1/../../../../arm-none-eabi/lib/thumb/v7-m/nofp\libc_nano.a(lib_a-memchr-stub.o)
                0x08001c20                memchr
 .text.memcpy   0x08001c3c       0x1c d:/10 2021.10/bin/../lib/gcc/arm-none-eabi/10.3.1/../../../../arm-none-eabi/lib/thumb/v7-m/nofp\libc_nano.a(lib_a-memcpy-stub.o)
                0x08001c3c                memcpy
 .text.memmove  0x08001c58       0x34 d:/10 2021.10/bin/../lib/gcc/arm-none-eabi/10.3.1/../../../../arm-none-eabi/lib/thumb/v7-m/nofp\libc_nano.a(lib_a-memmove.o)
                0x08001c58                memmove
 .text._free_r  0x08001c8c       0x90 d:/10 2021.10/bin/../lib/gcc/arm-none-eabi/10.3.1/../../../../arm-none-eabi/lib/thumb/v7-m/nofp\libc_nano.a(lib_a-nano-freer.o)
                0x08001c8c                _free_r
 .text.sbrk_aligned
                0x08001d1c       0x40 d:/10 2021.10/bin/../lib/gcc/arm-none-eabi/10.3.1/../../../../arm-none-eabi/lib/thumb/v7-m/nofp\libc_nano.a(lib_a-nano-mallocr.o)
 .text._malloc_r
                0x08001d5c       0xe8 d:/10 2021.10/bin/../lib/gcc/arm-none-eabi/10.3.1/../../../../arm-none-eabi/lib/thumb/v7-m/nofp\libc_nano.a(lib_a-nano-mallocr.o)
                0x08001d5c                _malloc_r
 .text._realloc_r
                0x08001e44       0x5e d:/10 2021.10/bin/../lib/gcc/arm-none-eabi/10.3.1/../../../../arm-none-eabi/lib/thumb/v7-m/nofp\libc_nano.a(lib_a-nano-reallocr.o)
                0x08001e44                _realloc_r
 *fill*         0x08001ea2        0x2 
 .text._sbrk_r  0x08001ea4       0x20 d:/10 2021.10/bin/../lib/gcc/arm-none-eabi/10.3.1/../../../../arm-none-eabi/lib/thumb/v7-m/nofp\libc_nano.a(lib_a-sbrkr.o)
                0x08001ea4                _sbrk_r
 .text.__malloc_lock
                0x08001ec4        0xc d:/10 2021.10/bin/../lib/gcc/arm-none-eabi/10.3.1/../../../../arm-none-eabi/lib/thumb/v7-m/nofp\libc_nano.a(lib_a-mlock.o)
                0x08001ec4                __malloc_lock
 .text.__malloc_unlock
                0x08001ed0        0xc d:/10 2021.10/bin/../lib/gcc/arm-none-eabi/10.3.1/../../../../arm-none-eabi/lib/thumb/v7-m/nofp\libc_nano.a(lib_a-mlock.o)
                0x08001ed0                __malloc_unlock
 .text._malloc_usable_size_r
                0x08001edc       0x10 d:/10 2021.10/bin/../lib/gcc/arm-none-eabi/10.3.1/../../../../arm-none-eabi/lib/thumb/v7-m/nofp\libc_nano.a(lib_a-nano-msizer.o)
                0x08001edc                _malloc_usable_size_r
 .text.__retarget_lock_acquire_recursive
                0x08001eec        0x2 d:/10 2021.10/bin/../lib/gcc/arm-none-eabi/10.3.1/../../../../arm-none-eabi/lib/thumb/v7-m/nofp\libc_nano.a(lib_a-lock.o)
                0x08001eec                __retarget_lock_acquire_recursive
 .text.__retarget_lock_release_recursive
                0x08001eee        0x2 d:/10 2021.10/bin/../lib/gcc/arm-none-eabi/10.3.1/../../../../arm-none-eabi/lib/thumb/v7-m/nofp\libc_nano.a(lib_a-lock.o)
                0x08001eee                __retarget_lock_release_recursive
 .text._sbrk    0x08001ef0       0x1c d:/10 2021.10/bin/../lib/gcc/arm-none-eabi/10.3.1/../../../../arm-none-eabi/lib/thumb/v7-m/nofp\libnosys.a(sbrk.o)
                0x08001ef0                _sbrk
 *(.glue_7)
 .glue_7        0x08001f0c        0x0 linker stubs
 *(.glue_7t)
 .glue_7t       0x08001f0c        0x0 linker stubs
 *(.eh_frame)
 .eh_frame      0x08001f0c        0x0 d:/10 2021.10/bin/../lib/gcc/arm-none-eabi/10.3.1/thumb/v7-m/nofp/crtbegin.o
 *(.init)
 .init          0x08001f0c        0x4 d:/10 2021.10/bin/../lib/gcc/arm-none-eabi/10.3.1/thumb/v7-m/nofp/crti.o
                0x08001f0c                _init
 .init          0x08001f10        0x8 d:/10 2021.10/bin/../lib/gcc/arm-none-eabi/10.3.1/thumb/v7-m/nofp/crtn.o
 *(.fini)
 .fini          0x08001f18        0x4 d:/10 2021.10/bin/../lib/gcc/arm-none-eabi/10.3.1/thumb/v7-m/nofp/crti.o
                0x08001f18                _fini
 .fini          0x08001f1c        0x8 d:/10 2021.10/bin/../lib/gcc/arm-none-eabi/10.3.1/thumb/v7-m/nofp/crtn.o
                0x08001f24                . = ALIGN (0x4)
                0x08001f24                _etext = .

.vfp11_veneer   0x08001f24        0x0
 .vfp11_veneer  0x08001f24        0x0 linker stubs

.v4_bx          0x08001f24        0x0
 .v4_bx         0x08001f24        0x0 linker stubs

.iplt           0x08001f24        0x0
 .iplt          0x08001f24        0x0 d:/10 2021.10/bin/../lib/gcc/arm-none-eabi/10.3.1/thumb/v7-m/nofp/crtbegin.o

.rodata         0x08001f24       0x7c
                0x08001f24                . = ALIGN (0x4)
 *(.rodata)
 *(.rodata*)
 .rodata.nextion_sendstring.str1.4
                0x08001f24        0xc build/main.o
 .rodata.main.str1.4
                0x08001f30        0xf build/main.o
 *fill*         0x08001f3f        0x1 
 .rodata.HAL_RCC_GetSysClockFreq.str1.4
                0x08001f40       0x11 build/stm32f1xx_hal_rcc.o
 *fill*         0x08001f51        0x3 
 .rodata.AHBPrescTable
                0x08001f54       0x10 build/system_stm32f1xx.o
                0x08001f54                AHBPrescTable
 .rodata.APBPrescTable
                0x08001f64        0x8 build/system_stm32f1xx.o
                0x08001f64                APBPrescTable
 .rodata._svfprintf_r.str1.1
                0x08001f6c       0x11 d:/10 2021.10/bin/../lib/gcc/arm-none-eabi/10.3.1/../../../../arm-none-eabi/lib/thumb/v7-m/nofp\libc_nano.a(lib_a-nano-svfprintf.o)
 .rodata._printf_i.str1.1
                0x08001f7d       0x22 d:/10 2021.10/bin/../lib/gcc/arm-none-eabi/10.3.1/../../../../arm-none-eabi/lib/thumb/v7-m/nofp\libc_nano.a(lib_a-nano-vfprintf_i.o)
                0x08001fa0                . = ALIGN (0x4)
 *fill*         0x08001f9f        0x1 

.rel.dyn        0x08001fa0        0x0
 .rel.iplt      0x08001fa0        0x0 d:/10 2021.10/bin/../lib/gcc/arm-none-eabi/10.3.1/thumb/v7-m/nofp/crtbegin.o

.ARM.extab
 *(.ARM.extab* .gnu.linkonce.armextab.*)

.ARM            0x08001fa0        0x0
                0x08001fa0                __exidx_start = .
 *(.ARM.exidx*)
                0x08001fa0                __exidx_end = .

.preinit_array  0x08001fa0        0x0
                0x08001fa0                PROVIDE (__preinit_array_start = .)
 *(.preinit_array*)
                0x08001fa0                PROVIDE (__preinit_array_end = .)

.init_array     0x08001fa0        0x4
                0x08001fa0                PROVIDE (__init_array_start = .)
 *(SORT_BY_NAME(.init_array.*))
 *(.init_array*)
 .init_array    0x08001fa0        0x4 d:/10 2021.10/bin/../lib/gcc/arm-none-eabi/10.3.1/thumb/v7-m/nofp/crtbegin.o
                0x08001fa4                PROVIDE (__init_array_end = .)

.fini_array     0x08001fa4        0x4
                [!provide]                PROVIDE (__fini_array_start = .)
 *(SORT_BY_NAME(.fini_array.*))
 *(.fini_array*)
 .fini_array    0x08001fa4        0x4 d:/10 2021.10/bin/../lib/gcc/arm-none-eabi/10.3.1/thumb/v7-m/nofp/crtbegin.o
                [!provide]                PROVIDE (__fini_array_end = .)
                0x08001fa8                _sidata = LOADADDR (.data)

.data           0x20000000       0x70 load address 0x08001fa8
                0x20000000                . = ALIGN (0x4)
                0x20000000                _sdata = .
 *(.data)
 *(.data*)
 .data.end      0x20000000        0x3 build/main.o
                0x20000000                end
 .data.uwTickFreq
                0x20000003        0x1 build/stm32f1xx_hal.o
                0x20000003                uwTickFreq
 .data.uwTickPrio
                0x20000004        0x4 build/stm32f1xx_hal.o
                0x20000004                uwTickPrio
 .data.SystemCoreClock
                0x20000008        0x4 build/system_stm32f1xx.o
                0x20000008                SystemCoreClock
 .data._impure_ptr
                0x2000000c        0x4 d:/10 2021.10/bin/../lib/gcc/arm-none-eabi/10.3.1/../../../../arm-none-eabi/lib/thumb/v7-m/nofp\libc_nano.a(lib_a-impure.o)
                0x2000000c                _impure_ptr
 .data.impure_data
                0x20000010       0x60 d:/10 2021.10/bin/../lib/gcc/arm-none-eabi/10.3.1/../../../../arm-none-eabi/lib/thumb/v7-m/nofp\libc_nano.a(lib_a-impure.o)
                0x20000070                . = ALIGN (0x4)
                0x20000070                _edata = .

.igot.plt       0x20000070        0x0 load address 0x08002018
 .igot.plt      0x20000070        0x0 d:/10 2021.10/bin/../lib/gcc/arm-none-eabi/10.3.1/thumb/v7-m/nofp/crtbegin.o
                0x20000070                . = ALIGN (0x4)

.bss            0x20000070       0x7c load address 0x08002018
                0x20000070                _sbss = .
                0x20000070                __bss_start__ = _sbss
 *(.bss)
 .bss           0x20000070       0x1c d:/10 2021.10/bin/../lib/gcc/arm-none-eabi/10.3.1/thumb/v7-m/nofp/crtbegin.o
 *(.bss*)
 .bss.rx_hmi    0x2000008c        0x4 build/main.o
                0x2000008c                rx_hmi
 .bss.huart1    0x20000090       0x44 build/usart.o
                0x20000090                huart1
 .bss.uwTick    0x200000d4        0x4 build/stm32f1xx_hal.o
                0x200000d4                uwTick
 .bss.__malloc_free_list
                0x200000d8        0x4 d:/10 2021.10/bin/../lib/gcc/arm-none-eabi/10.3.1/../../../../arm-none-eabi/lib/thumb/v7-m/nofp\libc_nano.a(lib_a-nano-mallocr.o)
                0x200000d8                __malloc_free_list
 .bss.__malloc_sbrk_start
                0x200000dc        0x4 d:/10 2021.10/bin/../lib/gcc/arm-none-eabi/10.3.1/../../../../arm-none-eabi/lib/thumb/v7-m/nofp\libc_nano.a(lib_a-nano-mallocr.o)
                0x200000dc                __malloc_sbrk_start
 .bss.errno     0x200000e0        0x4 d:/10 2021.10/bin/../lib/gcc/arm-none-eabi/10.3.1/../../../../arm-none-eabi/lib/thumb/v7-m/nofp\libc_nano.a(lib_a-reent.o)
                0x200000e0                errno
 .bss.__lock___malloc_recursive_mutex
                0x200000e4        0x1 d:/10 2021.10/bin/../lib/gcc/arm-none-eabi/10.3.1/../../../../arm-none-eabi/lib/thumb/v7-m/nofp\libc_nano.a(lib_a-lock.o)
                0x200000e4                __lock___malloc_recursive_mutex
 *fill*         0x200000e5        0x3 
 .bss.heap_end.0
                0x200000e8        0x4 d:/10 2021.10/bin/../lib/gcc/arm-none-eabi/10.3.1/../../../../arm-none-eabi/lib/thumb/v7-m/nofp\libnosys.a(sbrk.o)
 *(COMMON)
                0x200000ec                . = ALIGN (0x4)
                0x200000ec                _ebss = .
                0x200000ec                __bss_end__ = _ebss

._user_heap_stack
                0x200000ec      0x604 load address 0x08002018
                0x200000f0                . = ALIGN (0x8)
 *fill*         0x200000ec        0x4 
                [!provide]                PROVIDE (end = .)
                [!provide]                PROVIDE (_end = .)
                0x200002f0                . = (. + _Min_Heap_Size)
 *fill*         0x200000f0      0x200 
                0x200006f0                . = (. + _Min_Stack_Size)
 *fill*         0x200002f0      0x400 
                0x200006f0                . = ALIGN (0x8)

/DISCARD/
 libc.a(*)
 libm.a(*)
 libgcc.a(*)

.ARM.attributes
                0x00000000       0x29
 *(.ARM.attributes)
 .ARM.attributes
                0x00000000       0x1d d:/10 2021.10/bin/../lib/gcc/arm-none-eabi/10.3.1/thumb/v7-m/nofp/crti.o
 .ARM.attributes
                0x0000001d       0x2d d:/10 2021.10/bin/../lib/gcc/arm-none-eabi/10.3.1/thumb/v7-m/nofp/crtbegin.o
 .ARM.attributes
                0x0000004a       0x2d build/main.o
 .ARM.attributes
                0x00000077       0x2d build/gpio.o
 .ARM.attributes
                0x000000a4       0x2d build/usart.o
 .ARM.attributes
                0x000000d1       0x2d build/stm32f1xx_it.o
 .ARM.attributes
                0x000000fe       0x2d build/stm32f1xx_hal_msp.o
 .ARM.attributes
                0x0000012b       0x2d build/stm32f1xx_hal_uart.o
 .ARM.attributes
                0x00000158       0x2d build/stm32f1xx_hal.o
 .ARM.attributes
                0x00000185       0x2d build/stm32f1xx_hal_rcc.o
 .ARM.attributes
                0x000001b2       0x2d build/stm32f1xx_hal_gpio.o
 .ARM.attributes
                0x000001df       0x2d build/stm32f1xx_hal_dma.o
 .ARM.attributes
                0x0000020c       0x2d build/stm32f1xx_hal_cortex.o
 .ARM.attributes
                0x00000239       0x2d build/system_stm32f1xx.o
 .ARM.attributes
                0x00000266       0x21 build/startup_stm32f103xb.o
 .ARM.attributes
                0x00000287       0x2d d:/10 2021.10/bin/../lib/gcc/arm-none-eabi/10.3.1/../../../../arm-none-eabi/lib/thumb/v7-m/nofp\libc_nano.a(lib_a-impure.o)
 .ARM.attributes
                0x000002b4       0x2d d:/10 2021.10/bin/../lib/gcc/arm-none-eabi/10.3.1/../../../../arm-none-eabi/lib/thumb/v7-m/nofp\libc_nano.a(lib_a-init.o)
 .ARM.attributes
                0x000002e1       0x2d d:/10 2021.10/bin/../lib/gcc/arm-none-eabi/10.3.1/../../../../arm-none-eabi/lib/thumb/v7-m/nofp\libc_nano.a(lib_a-memset.o)
 .ARM.attributes
                0x0000030e       0x2d d:/10 2021.10/bin/../lib/gcc/arm-none-eabi/10.3.1/../../../../arm-none-eabi/lib/thumb/v7-m/nofp\libc_nano.a(lib_a-sprintf.o)
 .ARM.attributes
                0x0000033b       0x17 d:/10 2021.10/bin/../lib/gcc/arm-none-eabi/10.3.1/../../../../arm-none-eabi/lib/thumb/v7-m/nofp\libc_nano.a(lib_a-strlen.o)
 .ARM.attributes
                0x00000352       0x2d d:/10 2021.10/bin/../lib/gcc/arm-none-eabi/10.3.1/../../../../arm-none-eabi/lib/thumb/v7-m/nofp\libc_nano.a(lib_a-nano-svfprintf.o)
 .ARM.attributes
                0x0000037f       0x2d d:/10 2021.10/bin/../lib/gcc/arm-none-eabi/10.3.1/../../../../arm-none-eabi/lib/thumb/v7-m/nofp\libc_nano.a(lib_a-nano-vfprintf_i.o)
 .ARM.attributes
                0x000003ac       0x2d d:/10 2021.10/bin/../lib/gcc/arm-none-eabi/10.3.1/../../../../arm-none-eabi/lib/thumb/v7-m/nofp\libc_nano.a(lib_a-memchr-stub.o)
 .ARM.attributes
                0x000003d9       0x2d d:/10 2021.10/bin/../lib/gcc/arm-none-eabi/10.3.1/../../../../arm-none-eabi/lib/thumb/v7-m/nofp\libc_nano.a(lib_a-memcpy-stub.o)
 .ARM.attributes
                0x00000406       0x2d d:/10 2021.10/bin/../lib/gcc/arm-none-eabi/10.3.1/../../../../arm-none-eabi/lib/thumb/v7-m/nofp\libc_nano.a(lib_a-memmove.o)
 .ARM.attributes
                0x00000433       0x2d d:/10 2021.10/bin/../lib/gcc/arm-none-eabi/10.3.1/../../../../arm-none-eabi/lib/thumb/v7-m/nofp\libc_nano.a(lib_a-nano-freer.o)
 .ARM.attributes
                0x00000460       0x2d d:/10 2021.10/bin/../lib/gcc/arm-none-eabi/10.3.1/../../../../arm-none-eabi/lib/thumb/v7-m/nofp\libc_nano.a(lib_a-nano-mallocr.o)
 .ARM.attributes
                0x0000048d       0x2d d:/10 2021.10/bin/../lib/gcc/arm-none-eabi/10.3.1/../../../../arm-none-eabi/lib/thumb/v7-m/nofp\libc_nano.a(lib_a-nano-reallocr.o)
 .ARM.attributes
                0x000004ba       0x2d d:/10 2021.10/bin/../lib/gcc/arm-none-eabi/10.3.1/../../../../arm-none-eabi/lib/thumb/v7-m/nofp\libc_nano.a(lib_a-sbrkr.o)
 .ARM.attributes
                0x000004e7       0x2d d:/10 2021.10/bin/../lib/gcc/arm-none-eabi/10.3.1/../../../../arm-none-eabi/lib/thumb/v7-m/nofp\libc_nano.a(lib_a-mlock.o)
 .ARM.attributes
                0x00000514       0x2d d:/10 2021.10/bin/../lib/gcc/arm-none-eabi/10.3.1/../../../../arm-none-eabi/lib/thumb/v7-m/nofp\libc_nano.a(lib_a-nano-msizer.o)
 .ARM.attributes
                0x00000541       0x2d d:/10 2021.10/bin/../lib/gcc/arm-none-eabi/10.3.1/../../../../arm-none-eabi/lib/thumb/v7-m/nofp\libc_nano.a(lib_a-reent.o)
 .ARM.attributes
                0x0000056e       0x2d d:/10 2021.10/bin/../lib/gcc/arm-none-eabi/10.3.1/../../../../arm-none-eabi/lib/thumb/v7-m/nofp\libc_nano.a(lib_a-lock.o)
 .ARM.attributes
                0x0000059b       0x2d d:/10 2021.10/bin/../lib/gcc/arm-none-eabi/10.3.1/../../../../arm-none-eabi/lib/thumb/v7-m/nofp\libnosys.a(sbrk.o)
 .ARM.attributes
                0x000005c8       0x1d d:/10 2021.10/bin/../lib/gcc/arm-none-eabi/10.3.1/thumb/v7-m/nofp/crtn.o
OUTPUT(build/Test_HMI.elf elf32-littlearm)
LOAD linker stubs
LOAD d:/10 2021.10/bin/../lib/gcc/arm-none-eabi/10.3.1/../../../../arm-none-eabi/lib/thumb/v7-m/nofp\libc.a
LOAD d:/10 2021.10/bin/../lib/gcc/arm-none-eabi/10.3.1/../../../../arm-none-eabi/lib/thumb/v7-m/nofp\libm.a
LOAD d:/10 2021.10/bin/../lib/gcc/arm-none-eabi/10.3.1/thumb/v7-m/nofp\libgcc.a

.debug_info     0x00000000     0x73db
 .debug_info    0x00000000      0xb7f build/main.o
 .debug_info    0x00000b7f      0x32c build/gpio.o
 .debug_info    0x00000eab      0xa97 build/usart.o
 .debug_info    0x00001942      0x6bf build/stm32f1xx_it.o
 .debug_info    0x00002001      0x238 build/stm32f1xx_hal_msp.o
 .debug_info    0x00002239     0x1e12 build/stm32f1xx_hal_uart.o
 .debug_info    0x0000404b      0x855 build/stm32f1xx_hal.o
 .debug_info    0x000048a0      0xaec build/stm32f1xx_hal_rcc.o
 .debug_info    0x0000538c      0x6d7 build/stm32f1xx_hal_gpio.o
 .debug_info    0x00005a63      0x8bb build/stm32f1xx_hal_dma.o
 .debug_info    0x0000631e      0xe2d build/stm32f1xx_hal_cortex.o
 .debug_info    0x0000714b      0x26e build/system_stm32f1xx.o
 .debug_info    0x000073b9       0x22 build/startup_stm32f103xb.o

.debug_abbrev   0x00000000     0x1802
 .debug_abbrev  0x00000000      0x26a build/main.o
 .debug_abbrev  0x0000026a      0x13f build/gpio.o
 .debug_abbrev  0x000003a9      0x1ce build/usart.o
 .debug_abbrev  0x00000577      0x157 build/stm32f1xx_it.o
 .debug_abbrev  0x000006ce       0xe7 build/stm32f1xx_hal_msp.o
 .debug_abbrev  0x000007b5      0x2ab build/stm32f1xx_hal_uart.o
 .debug_abbrev  0x00000a60      0x1f7 build/stm32f1xx_hal.o
 .debug_abbrev  0x00000c57      0x29a build/stm32f1xx_hal_rcc.o
 .debug_abbrev  0x00000ef1      0x222 build/stm32f1xx_hal_gpio.o
 .debug_abbrev  0x00001113      0x244 build/stm32f1xx_hal_dma.o
 .debug_abbrev  0x00001357      0x359 build/stm32f1xx_hal_cortex.o
 .debug_abbrev  0x000016b0      0x140 build/system_stm32f1xx.o
 .debug_abbrev  0x000017f0       0x12 build/startup_stm32f103xb.o

.debug_loc      0x00000000     0x4a40
 .debug_loc     0x00000000      0x165 build/main.o
 .debug_loc     0x00000165       0x38 build/gpio.o
 .debug_loc     0x0000019d      0x108 build/usart.o
 .debug_loc     0x000002a5       0x40 build/stm32f1xx_it.o
 .debug_loc     0x000002e5       0x41 build/stm32f1xx_hal_msp.o
 .debug_loc     0x00000326     0x267b build/stm32f1xx_hal_uart.o
 .debug_loc     0x000029a1      0x1e1 build/stm32f1xx_hal.o
 .debug_loc     0x00002b82      0x7ee build/stm32f1xx_hal_rcc.o
 .debug_loc     0x00003370      0x551 build/stm32f1xx_hal_gpio.o
 .debug_loc     0x000038c1      0x901 build/stm32f1xx_hal_dma.o
 .debug_loc     0x000041c2      0x77f build/stm32f1xx_hal_cortex.o
 .debug_loc     0x00004941       0xff build/system_stm32f1xx.o

.debug_aranges  0x00000000      0x640
 .debug_aranges
                0x00000000       0x40 build/main.o
 .debug_aranges
                0x00000040       0x20 build/gpio.o
 .debug_aranges
                0x00000060       0x30 build/usart.o
 .debug_aranges
                0x00000090       0x68 build/stm32f1xx_it.o
 .debug_aranges
                0x000000f8       0x20 build/stm32f1xx_hal_msp.o
 .debug_aranges
                0x00000118      0x200 build/stm32f1xx_hal_uart.o
 .debug_aranges
                0x00000318       0xe0 build/stm32f1xx_hal.o
 .debug_aranges
                0x000003f8       0x90 build/stm32f1xx_hal_rcc.o
 .debug_aranges
                0x00000488       0x58 build/stm32f1xx_hal_gpio.o
 .debug_aranges
                0x000004e0       0x80 build/stm32f1xx_hal_dma.o
 .debug_aranges
                0x00000560       0x90 build/stm32f1xx_hal_cortex.o
 .debug_aranges
                0x000005f0       0x28 build/system_stm32f1xx.o
 .debug_aranges
                0x00000618       0x28 build/startup_stm32f103xb.o

.debug_ranges   0x00000000      0x5f8
 .debug_ranges  0x00000000       0x30 build/main.o
 .debug_ranges  0x00000030       0x10 build/gpio.o
 .debug_ranges  0x00000040       0x20 build/usart.o
 .debug_ranges  0x00000060       0x58 build/stm32f1xx_it.o
 .debug_ranges  0x000000b8       0x10 build/stm32f1xx_hal_msp.o
 .debug_ranges  0x000000c8      0x1f0 build/stm32f1xx_hal_uart.o
 .debug_ranges  0x000002b8       0xd0 build/stm32f1xx_hal.o
 .debug_ranges  0x00000388       0xa0 build/stm32f1xx_hal_rcc.o
 .debug_ranges  0x00000428       0x48 build/stm32f1xx_hal_gpio.o
 .debug_ranges  0x00000470       0x70 build/stm32f1xx_hal_dma.o
 .debug_ranges  0x000004e0       0xe0 build/stm32f1xx_hal_cortex.o
 .debug_ranges  0x000005c0       0x18 build/system_stm32f1xx.o
 .debug_ranges  0x000005d8       0x20 build/startup_stm32f103xb.o

.debug_line     0x00000000     0x53be
 .debug_line    0x00000000      0x395 build/main.o
 .debug_line    0x00000395      0x16c build/gpio.o
 .debug_line    0x00000501      0x2ac build/usart.o
 .debug_line    0x000007ad      0x286 build/stm32f1xx_it.o
 .debug_line    0x00000a33      0x116 build/stm32f1xx_hal_msp.o
 .debug_line    0x00000b49     0x2055 build/stm32f1xx_hal_uart.o
 .debug_line    0x00002b9e      0x4c8 build/stm32f1xx_hal.o
 .debug_line    0x00003066      0xbc6 build/stm32f1xx_hal_rcc.o
 .debug_line    0x00003c2c      0x57d build/stm32f1xx_hal_gpio.o
 .debug_line    0x000041a9      0x9ed build/stm32f1xx_hal_dma.o
 .debug_line    0x00004b96      0x5d3 build/stm32f1xx_hal_cortex.o
 .debug_line    0x00005169      0x1e0 build/system_stm32f1xx.o
 .debug_line    0x00005349       0x75 build/startup_stm32f103xb.o

.debug_str      0x00000000     0x1e8e
 .debug_str     0x00000000      0x73f build/main.o
                                0x7de (size before relaxing)
 .debug_str     0x0000073f       0x90 build/gpio.o
                                0x260 (size before relaxing)
 .debug_str     0x000007cf      0x36f build/usart.o
                                0x98c (size before relaxing)
 .debug_str     0x00000b3e       0xda build/stm32f1xx_it.o
                                0x618 (size before relaxing)
 .debug_str     0x00000c18       0x57 build/stm32f1xx_hal_msp.o
                                0x202 (size before relaxing)
 .debug_str     0x00000c6f      0x639 build/stm32f1xx_hal_uart.o
                                0xc71 (size before relaxing)
 .debug_str     0x000012a8      0x2f3 build/stm32f1xx_hal.o
                                0x807 (size before relaxing)
 .debug_str     0x0000159b      0x1d8 build/stm32f1xx_hal_rcc.o
                                0x60e (size before relaxing)
 .debug_str     0x00001773      0x117 build/stm32f1xx_hal_gpio.o
                                0x3e3 (size before relaxing)
 .debug_str     0x0000188a      0x1f6 build/stm32f1xx_hal_dma.o
                                0x5e0 (size before relaxing)
 .debug_str     0x00001a80      0x39b build/stm32f1xx_hal_cortex.o
                                0x8b6 (size before relaxing)
 .debug_str     0x00001e1b       0x4f build/system_stm32f1xx.o
                                0x237 (size before relaxing)
 .debug_str     0x00001e6a       0x24 build/startup_stm32f103xb.o
                                 0x56 (size before relaxing)

.comment        0x00000000       0x49
 .comment       0x00000000       0x49 build/main.o
                                 0x4a (size before relaxing)
 .comment       0x00000049       0x4a build/gpio.o
 .comment       0x00000049       0x4a build/usart.o
 .comment       0x00000049       0x4a build/stm32f1xx_it.o
 .comment       0x00000049       0x4a build/stm32f1xx_hal_msp.o
 .comment       0x00000049       0x4a build/stm32f1xx_hal_uart.o
 .comment       0x00000049       0x4a build/stm32f1xx_hal.o
 .comment       0x00000049       0x4a build/stm32f1xx_hal_rcc.o
 .comment       0x00000049       0x4a build/stm32f1xx_hal_gpio.o
 .comment       0x00000049       0x4a build/stm32f1xx_hal_dma.o
 .comment       0x00000049       0x4a build/stm32f1xx_hal_cortex.o
 .comment       0x00000049       0x4a build/system_stm32f1xx.o

.debug_frame    0x00000000     0x1324
 .debug_frame   0x00000000       0x90 build/main.o
 .debug_frame   0x00000090       0x30 build/gpio.o
 .debug_frame   0x000000c0       0x64 build/usart.o
 .debug_frame   0x00000124       0xc0 build/stm32f1xx_it.o
 .debug_frame   0x000001e4       0x28 build/stm32f1xx_hal_msp.o
 .debug_frame   0x0000020c      0x5c4 build/stm32f1xx_hal_uart.o
 .debug_frame   0x000007d0      0x1cc build/stm32f1xx_hal.o
 .debug_frame   0x0000099c      0x190 build/stm32f1xx_hal_rcc.o
 .debug_frame   0x00000b2c       0xe4 build/stm32f1xx_hal_gpio.o
 .debug_frame   0x00000c10      0x144 build/stm32f1xx_hal_dma.o
 .debug_frame   0x00000d54      0x118 build/stm32f1xx_hal_cortex.o
 .debug_frame   0x00000e6c       0x30 build/system_stm32f1xx.o
 .debug_frame   0x00000e9c       0x2c d:/10 2021.10/bin/../lib/gcc/arm-none-eabi/10.3.1/../../../../arm-none-eabi/lib/thumb/v7-m/nofp\libc_nano.a(lib_a-init.o)
 .debug_frame   0x00000ec8       0x20 d:/10 2021.10/bin/../lib/gcc/arm-none-eabi/10.3.1/../../../../arm-none-eabi/lib/thumb/v7-m/nofp\libc_nano.a(lib_a-memset.o)
 .debug_frame   0x00000ee8       0x6c d:/10 2021.10/bin/../lib/gcc/arm-none-eabi/10.3.1/../../../../arm-none-eabi/lib/thumb/v7-m/nofp\libc_nano.a(lib_a-sprintf.o)
 .debug_frame   0x00000f54       0x90 d:/10 2021.10/bin/../lib/gcc/arm-none-eabi/10.3.1/../../../../arm-none-eabi/lib/thumb/v7-m/nofp\libc_nano.a(lib_a-nano-svfprintf.o)
 .debug_frame   0x00000fe4       0x60 d:/10 2021.10/bin/../lib/gcc/arm-none-eabi/10.3.1/../../../../arm-none-eabi/lib/thumb/v7-m/nofp\libc_nano.a(lib_a-nano-vfprintf_i.o)
 .debug_frame   0x00001044       0x28 d:/10 2021.10/bin/../lib/gcc/arm-none-eabi/10.3.1/../../../../arm-none-eabi/lib/thumb/v7-m/nofp\libc_nano.a(lib_a-memchr-stub.o)
 .debug_frame   0x0000106c       0x28 d:/10 2021.10/bin/../lib/gcc/arm-none-eabi/10.3.1/../../../../arm-none-eabi/lib/thumb/v7-m/nofp\libc_nano.a(lib_a-memcpy-stub.o)
 .debug_frame   0x00001094       0x28 d:/10 2021.10/bin/../lib/gcc/arm-none-eabi/10.3.1/../../../../arm-none-eabi/lib/thumb/v7-m/nofp\libc_nano.a(lib_a-memmove.o)
 .debug_frame   0x000010bc       0x38 d:/10 2021.10/bin/../lib/gcc/arm-none-eabi/10.3.1/../../../../arm-none-eabi/lib/thumb/v7-m/nofp\libc_nano.a(lib_a-nano-freer.o)
 .debug_frame   0x000010f4       0x4c d:/10 2021.10/bin/../lib/gcc/arm-none-eabi/10.3.1/../../../../arm-none-eabi/lib/thumb/v7-m/nofp\libc_nano.a(lib_a-nano-mallocr.o)
 .debug_frame   0x00001140       0x3c d:/10 2021.10/bin/../lib/gcc/arm-none-eabi/10.3.1/../../../../arm-none-eabi/lib/thumb/v7-m/nofp\libc_nano.a(lib_a-nano-reallocr.o)
 .debug_frame   0x0000117c       0x2c d:/10 2021.10/bin/../lib/gcc/arm-none-eabi/10.3.1/../../../../arm-none-eabi/lib/thumb/v7-m/nofp\libc_nano.a(lib_a-sbrkr.o)
 .debug_frame   0x000011a8       0x30 d:/10 2021.10/bin/../lib/gcc/arm-none-eabi/10.3.1/../../../../arm-none-eabi/lib/thumb/v7-m/nofp\libc_nano.a(lib_a-mlock.o)
 .debug_frame   0x000011d8       0x20 d:/10 2021.10/bin/../lib/gcc/arm-none-eabi/10.3.1/../../../../arm-none-eabi/lib/thumb/v7-m/nofp\libc_nano.a(lib_a-nano-msizer.o)
 .debug_frame   0x000011f8       0x5c d:/10 2021.10/bin/../lib/gcc/arm-none-eabi/10.3.1/../../../../arm-none-eabi/lib/thumb/v7-m/nofp\libc_nano.a(lib_a-reent.o)
 .debug_frame   0x00001254       0xb0 d:/10 2021.10/bin/../lib/gcc/arm-none-eabi/10.3.1/../../../../arm-none-eabi/lib/thumb/v7-m/nofp\libc_nano.a(lib_a-lock.o)
 .debug_frame   0x00001304       0x20 d:/10 2021.10/bin/../lib/gcc/arm-none-eabi/10.3.1/../../../../arm-none-eabi/lib/thumb/v7-m/nofp\libnosys.a(sbrk.o)

Cross Reference Table

Symbol                                            File
ADC1_2_IRQHandler                                 build/startup_stm32f103xb.o
AHBPrescTable                                     build/system_stm32f1xx.o
                                                  build/stm32f1xx_hal_rcc.o
APBPrescTable                                     build/system_stm32f1xx.o
                                                  build/stm32f1xx_hal_rcc.o
BusFault_Handler                                  build/stm32f1xx_it.o
CAN1_RX1_IRQHandler                               build/startup_stm32f103xb.o
CAN1_SCE_IRQHandler                               build/startup_stm32f103xb.o
DMA1_Channel1_IRQHandler                          build/startup_stm32f103xb.o
DMA1_Channel2_IRQHandler                          build/startup_stm32f103xb.o
DMA1_Channel3_IRQHandler                          build/startup_stm32f103xb.o
DMA1_Channel4_IRQHandler                          build/startup_stm32f103xb.o
DMA1_Channel5_IRQHandler                          build/startup_stm32f103xb.o
DMA1_Channel6_IRQHandler                          build/startup_stm32f103xb.o
DMA1_Channel7_IRQHandler                          build/startup_stm32f103xb.o
DebugMon_Handler                                  build/stm32f1xx_it.o
Default_Handler                                   build/startup_stm32f103xb.o
EXTI0_IRQHandler                                  build/startup_stm32f103xb.o
EXTI15_10_IRQHandler                              build/startup_stm32f103xb.o
EXTI1_IRQHandler                                  build/startup_stm32f103xb.o
EXTI2_IRQHandler                                  build/startup_stm32f103xb.o
EXTI3_IRQHandler                                  build/startup_stm32f103xb.o
EXTI4_IRQHandler                                  build/startup_stm32f103xb.o
EXTI9_5_IRQHandler                                build/startup_stm32f103xb.o
Error_Handler                                     build/main.o
                                                  build/usart.o
FLASH_IRQHandler                                  build/startup_stm32f103xb.o
FLASH_PageErase                                   build/stm32f1xx_hal_flash_ex.o
                                                  build/stm32f1xx_hal_flash.o
FLASH_WaitForLastOperation                        build/stm32f1xx_hal_flash.o
                                                  build/stm32f1xx_hal_flash_ex.o
HAL_DBGMCU_DisableDBGSleepMode                    build/stm32f1xx_hal.o
HAL_DBGMCU_DisableDBGStandbyMode                  build/stm32f1xx_hal.o
HAL_DBGMCU_DisableDBGStopMode                     build/stm32f1xx_hal.o
HAL_DBGMCU_EnableDBGSleepMode                     build/stm32f1xx_hal.o
HAL_DBGMCU_EnableDBGStandbyMode                   build/stm32f1xx_hal.o
HAL_DBGMCU_EnableDBGStopMode                      build/stm32f1xx_hal.o
HAL_DMA_Abort                                     build/stm32f1xx_hal_dma.o
                                                  build/stm32f1xx_hal_uart.o
HAL_DMA_Abort_IT                                  build/stm32f1xx_hal_dma.o
                                                  build/stm32f1xx_hal_uart.o
HAL_DMA_DeInit                                    build/stm32f1xx_hal_dma.o
HAL_DMA_GetError                                  build/stm32f1xx_hal_dma.o
                                                  build/stm32f1xx_hal_uart.o
HAL_DMA_GetState                                  build/stm32f1xx_hal_dma.o
HAL_DMA_IRQHandler                                build/stm32f1xx_hal_dma.o
HAL_DMA_Init                                      build/stm32f1xx_hal_dma.o
HAL_DMA_PollForTransfer                           build/stm32f1xx_hal_dma.o
HAL_DMA_RegisterCallback                          build/stm32f1xx_hal_dma.o
HAL_DMA_Start                                     build/stm32f1xx_hal_dma.o
HAL_DMA_Start_IT                                  build/stm32f1xx_hal_dma.o
                                                  build/stm32f1xx_hal_uart.o
HAL_DMA_UnRegisterCallback                        build/stm32f1xx_hal_dma.o
HAL_DeInit                                        build/stm32f1xx_hal.o
HAL_Delay                                         build/stm32f1xx_hal.o
HAL_EXTI_ClearConfigLine                          build/stm32f1xx_hal_exti.o
HAL_EXTI_ClearPending                             build/stm32f1xx_hal_exti.o
HAL_EXTI_GenerateSWI                              build/stm32f1xx_hal_exti.o
HAL_EXTI_GetConfigLine                            build/stm32f1xx_hal_exti.o
HAL_EXTI_GetHandle                                build/stm32f1xx_hal_exti.o
HAL_EXTI_GetPending                               build/stm32f1xx_hal_exti.o
HAL_EXTI_IRQHandler                               build/stm32f1xx_hal_exti.o
HAL_EXTI_RegisterCallback                         build/stm32f1xx_hal_exti.o
HAL_EXTI_SetConfigLine                            build/stm32f1xx_hal_exti.o
HAL_FLASHEx_Erase                                 build/stm32f1xx_hal_flash_ex.o
HAL_FLASHEx_Erase_IT                              build/stm32f1xx_hal_flash_ex.o
HAL_FLASHEx_OBErase                               build/stm32f1xx_hal_flash_ex.o
HAL_FLASHEx_OBGetConfig                           build/stm32f1xx_hal_flash_ex.o
HAL_FLASHEx_OBGetUserData                         build/stm32f1xx_hal_flash_ex.o
HAL_FLASHEx_OBProgram                             build/stm32f1xx_hal_flash_ex.o
HAL_FLASH_EndOfOperationCallback                  build/stm32f1xx_hal_flash.o
HAL_FLASH_GetError                                build/stm32f1xx_hal_flash.o
HAL_FLASH_IRQHandler                              build/stm32f1xx_hal_flash.o
HAL_FLASH_Lock                                    build/stm32f1xx_hal_flash.o
HAL_FLASH_OB_Launch                               build/stm32f1xx_hal_flash.o
HAL_FLASH_OB_Lock                                 build/stm32f1xx_hal_flash.o
HAL_FLASH_OB_Unlock                               build/stm32f1xx_hal_flash.o
HAL_FLASH_OperationErrorCallback                  build/stm32f1xx_hal_flash.o
HAL_FLASH_Program                                 build/stm32f1xx_hal_flash.o
HAL_FLASH_Program_IT                              build/stm32f1xx_hal_flash.o
HAL_FLASH_Unlock                                  build/stm32f1xx_hal_flash.o
HAL_GPIOEx_ConfigEventout                         build/stm32f1xx_hal_gpio_ex.o
HAL_GPIOEx_DisableEventout                        build/stm32f1xx_hal_gpio_ex.o
HAL_GPIOEx_EnableEventout                         build/stm32f1xx_hal_gpio_ex.o
HAL_GPIO_DeInit                                   build/stm32f1xx_hal_gpio.o
                                                  build/usart.o
HAL_GPIO_EXTI_Callback                            build/stm32f1xx_hal_gpio.o
HAL_GPIO_EXTI_IRQHandler                          build/stm32f1xx_hal_gpio.o
HAL_GPIO_Init                                     build/stm32f1xx_hal_gpio.o
                                                  build/stm32f1xx_hal_rcc.o
                                                  build/usart.o
                                                  build/gpio.o
HAL_GPIO_LockPin                                  build/stm32f1xx_hal_gpio.o
HAL_GPIO_ReadPin                                  build/stm32f1xx_hal_gpio.o
HAL_GPIO_TogglePin                                build/stm32f1xx_hal_gpio.o
HAL_GPIO_WritePin                                 build/stm32f1xx_hal_gpio.o
                                                  build/gpio.o
                                                  build/main.o
HAL_GetDEVID                                      build/stm32f1xx_hal.o
HAL_GetHalVersion                                 build/stm32f1xx_hal.o
HAL_GetREVID                                      build/stm32f1xx_hal.o
HAL_GetTick                                       build/stm32f1xx_hal.o
                                                  build/stm32f1xx_hal_flash.o
                                                  build/stm32f1xx_hal_dma.o
                                                  build/stm32f1xx_hal_rcc_ex.o
                                                  build/stm32f1xx_hal_rcc.o
                                                  build/stm32f1xx_hal_uart.o
HAL_GetTickFreq                                   build/stm32f1xx_hal.o
HAL_GetTickPrio                                   build/stm32f1xx_hal.o
HAL_GetUIDw0                                      build/stm32f1xx_hal.o
HAL_GetUIDw1                                      build/stm32f1xx_hal.o
HAL_GetUIDw2                                      build/stm32f1xx_hal.o
HAL_HalfDuplex_EnableReceiver                     build/stm32f1xx_hal_uart.o
HAL_HalfDuplex_EnableTransmitter                  build/stm32f1xx_hal_uart.o
HAL_HalfDuplex_Init                               build/stm32f1xx_hal_uart.o
HAL_IncTick                                       build/stm32f1xx_hal.o
                                                  build/stm32f1xx_it.o
HAL_Init                                          build/stm32f1xx_hal.o
                                                  build/main.o
HAL_InitTick                                      build/stm32f1xx_hal.o
                                                  build/stm32f1xx_hal_rcc.o
HAL_LIN_Init                                      build/stm32f1xx_hal_uart.o
HAL_LIN_SendBreak                                 build/stm32f1xx_hal_uart.o
HAL_MspDeInit                                     build/stm32f1xx_hal.o
HAL_MspInit                                       build/stm32f1xx_hal_msp.o
HAL_MultiProcessor_EnterMuteMode                  build/stm32f1xx_hal_uart.o
HAL_MultiProcessor_ExitMuteMode                   build/stm32f1xx_hal_uart.o
HAL_MultiProcessor_Init                           build/stm32f1xx_hal_uart.o
HAL_NVIC_ClearPendingIRQ                          build/stm32f1xx_hal_cortex.o
HAL_NVIC_DisableIRQ                               build/stm32f1xx_hal_cortex.o
                                                  build/usart.o
HAL_NVIC_EnableIRQ                                build/stm32f1xx_hal_cortex.o
                                                  build/usart.o
HAL_NVIC_GetActive                                build/stm32f1xx_hal_cortex.o
HAL_NVIC_GetPendingIRQ                            build/stm32f1xx_hal_cortex.o
HAL_NVIC_GetPriority                              build/stm32f1xx_hal_cortex.o
HAL_NVIC_GetPriorityGrouping                      build/stm32f1xx_hal_cortex.o
HAL_NVIC_SetPendingIRQ                            build/stm32f1xx_hal_cortex.o
HAL_NVIC_SetPriority                              build/stm32f1xx_hal_cortex.o
                                                  build/stm32f1xx_hal.o
                                                  build/usart.o
HAL_NVIC_SetPriorityGrouping                      build/stm32f1xx_hal_cortex.o
                                                  build/stm32f1xx_hal.o
HAL_NVIC_SystemReset                              build/stm32f1xx_hal_cortex.o
                                                  build/stm32f1xx_hal_flash.o
HAL_PWR_ConfigPVD                                 build/stm32f1xx_hal_pwr.o
HAL_PWR_DeInit                                    build/stm32f1xx_hal_pwr.o
HAL_PWR_DisableBkUpAccess                         build/stm32f1xx_hal_pwr.o
HAL_PWR_DisablePVD                                build/stm32f1xx_hal_pwr.o
HAL_PWR_DisableSEVOnPend                          build/stm32f1xx_hal_pwr.o
HAL_PWR_DisableSleepOnExit                        build/stm32f1xx_hal_pwr.o
HAL_PWR_DisableWakeUpPin                          build/stm32f1xx_hal_pwr.o
HAL_PWR_EnableBkUpAccess                          build/stm32f1xx_hal_pwr.o
HAL_PWR_EnablePVD                                 build/stm32f1xx_hal_pwr.o
HAL_PWR_EnableSEVOnPend                           build/stm32f1xx_hal_pwr.o
HAL_PWR_EnableSleepOnExit                         build/stm32f1xx_hal_pwr.o
HAL_PWR_EnableWakeUpPin                           build/stm32f1xx_hal_pwr.o
HAL_PWR_EnterSLEEPMode                            build/stm32f1xx_hal_pwr.o
HAL_PWR_EnterSTANDBYMode                          build/stm32f1xx_hal_pwr.o
HAL_PWR_EnterSTOPMode                             build/stm32f1xx_hal_pwr.o
HAL_PWR_PVDCallback                               build/stm32f1xx_hal_pwr.o
HAL_PWR_PVD_IRQHandler                            build/stm32f1xx_hal_pwr.o
HAL_RCCEx_GetPeriphCLKConfig                      build/stm32f1xx_hal_rcc_ex.o
HAL_RCCEx_GetPeriphCLKFreq                        build/stm32f1xx_hal_rcc_ex.o
HAL_RCCEx_PeriphCLKConfig                         build/stm32f1xx_hal_rcc_ex.o
HAL_RCC_CSSCallback                               build/stm32f1xx_hal_rcc.o
HAL_RCC_ClockConfig                               build/stm32f1xx_hal_rcc.o
                                                  build/main.o
HAL_RCC_DeInit                                    build/stm32f1xx_hal_rcc.o
HAL_RCC_DisableCSS                                build/stm32f1xx_hal_rcc.o
HAL_RCC_EnableCSS                                 build/stm32f1xx_hal_rcc.o
HAL_RCC_GetClockConfig                            build/stm32f1xx_hal_rcc.o
HAL_RCC_GetHCLKFreq                               build/stm32f1xx_hal_rcc.o
HAL_RCC_GetOscConfig                              build/stm32f1xx_hal_rcc.o
HAL_RCC_GetPCLK1Freq                              build/stm32f1xx_hal_rcc.o
                                                  build/stm32f1xx_hal_uart.o
HAL_RCC_GetPCLK2Freq                              build/stm32f1xx_hal_rcc.o
                                                  build/stm32f1xx_hal_rcc_ex.o
                                                  build/stm32f1xx_hal_uart.o
HAL_RCC_GetSysClockFreq                           build/stm32f1xx_hal_rcc.o
HAL_RCC_MCOConfig                                 build/stm32f1xx_hal_rcc.o
HAL_RCC_NMI_IRQHandler                            build/stm32f1xx_hal_rcc.o
HAL_RCC_OscConfig                                 build/stm32f1xx_hal_rcc.o
                                                  build/main.o
HAL_ResumeTick                                    build/stm32f1xx_hal.o
HAL_SYSTICK_CLKSourceConfig                       build/stm32f1xx_hal_cortex.o
HAL_SYSTICK_Callback                              build/stm32f1xx_hal_cortex.o
HAL_SYSTICK_Config                                build/stm32f1xx_hal_cortex.o
                                                  build/stm32f1xx_hal.o
HAL_SYSTICK_IRQHandler                            build/stm32f1xx_hal_cortex.o
HAL_SetTickFreq                                   build/stm32f1xx_hal.o
HAL_SuspendTick                                   build/stm32f1xx_hal.o
HAL_UARTEx_ReceiveToIdle                          build/stm32f1xx_hal_uart.o
HAL_UARTEx_ReceiveToIdle_DMA                      build/stm32f1xx_hal_uart.o
HAL_UARTEx_ReceiveToIdle_IT                       build/stm32f1xx_hal_uart.o
HAL_UARTEx_RxEventCallback                        build/stm32f1xx_hal_uart.o
HAL_UART_Abort                                    build/stm32f1xx_hal_uart.o
HAL_UART_AbortCpltCallback                        build/stm32f1xx_hal_uart.o
HAL_UART_AbortReceive                             build/stm32f1xx_hal_uart.o
HAL_UART_AbortReceiveCpltCallback                 build/stm32f1xx_hal_uart.o
HAL_UART_AbortReceive_IT                          build/stm32f1xx_hal_uart.o
HAL_UART_AbortTransmit                            build/stm32f1xx_hal_uart.o
HAL_UART_AbortTransmitCpltCallback                build/stm32f1xx_hal_uart.o
HAL_UART_AbortTransmit_IT                         build/stm32f1xx_hal_uart.o
HAL_UART_Abort_IT                                 build/stm32f1xx_hal_uart.o
HAL_UART_DMAPause                                 build/stm32f1xx_hal_uart.o
HAL_UART_DMAResume                                build/stm32f1xx_hal_uart.o
HAL_UART_DMAStop                                  build/stm32f1xx_hal_uart.o
HAL_UART_DeInit                                   build/stm32f1xx_hal_uart.o
HAL_UART_ErrorCallback                            build/stm32f1xx_hal_uart.o
HAL_UART_GetError                                 build/stm32f1xx_hal_uart.o
HAL_UART_GetState                                 build/stm32f1xx_hal_uart.o
HAL_UART_IRQHandler                               build/stm32f1xx_hal_uart.o
                                                  build/stm32f1xx_it.o
HAL_UART_Init                                     build/stm32f1xx_hal_uart.o
                                                  build/usart.o
HAL_UART_MspDeInit                                build/usart.o
HAL_UART_MspInit                                  build/usart.o
HAL_UART_Receive                                  build/stm32f1xx_hal_uart.o
HAL_UART_Receive_DMA                              build/stm32f1xx_hal_uart.o
HAL_UART_Receive_IT                               build/stm32f1xx_hal_uart.o
                                                  build/main.o
HAL_UART_RxCpltCallback                           build/main.o
HAL_UART_RxHalfCpltCallback                       build/stm32f1xx_hal_uart.o
HAL_UART_Transmit                                 build/stm32f1xx_hal_uart.o
                                                  build/main.o
HAL_UART_Transmit_DMA                             build/stm32f1xx_hal_uart.o
HAL_UART_Transmit_IT                              build/stm32f1xx_hal_uart.o
HAL_UART_TxCpltCallback                           build/stm32f1xx_hal_uart.o
HAL_UART_TxHalfCpltCallback                       build/stm32f1xx_hal_uart.o
HardFault_Handler                                 build/stm32f1xx_it.o
I2C1_ER_IRQHandler                                build/startup_stm32f103xb.o
I2C1_EV_IRQHandler                                build/startup_stm32f103xb.o
I2C2_ER_IRQHandler                                build/startup_stm32f103xb.o
I2C2_EV_IRQHandler                                build/startup_stm32f103xb.o
MX_GPIO_Init                                      build/gpio.o
                                                  build/main.o
MX_USART1_UART_Init                               build/usart.o
                                                  build/main.o
MemManage_Handler                                 build/stm32f1xx_it.o
NMI_Handler                                       build/stm32f1xx_it.o
PVD_IRQHandler                                    build/startup_stm32f103xb.o
PendSV_Handler                                    build/stm32f1xx_it.o
RCC_IRQHandler                                    build/startup_stm32f103xb.o
RTC_Alarm_IRQHandler                              build/startup_stm32f103xb.o
RTC_IRQHandler                                    build/startup_stm32f103xb.o
Reset_Handler                                     build/startup_stm32f103xb.o
SPI1_IRQHandler                                   build/startup_stm32f103xb.o
SPI2_IRQHandler                                   build/startup_stm32f103xb.o
SVC_Handler                                       build/stm32f1xx_it.o
SysTick_Handler                                   build/stm32f1xx_it.o
SystemClock_Config                                build/main.o
SystemCoreClock                                   build/system_stm32f1xx.o
                                                  build/stm32f1xx_hal_rcc.o
                                                  build/stm32f1xx_hal.o
SystemCoreClockUpdate                             build/system_stm32f1xx.o
SystemInit                                        build/system_stm32f1xx.o
                                                  build/startup_stm32f103xb.o
TAMPER_IRQHandler                                 build/startup_stm32f103xb.o
TIM1_BRK_IRQHandler                               build/startup_stm32f103xb.o
TIM1_CC_IRQHandler                                build/startup_stm32f103xb.o
TIM1_TRG_COM_IRQHandler                           build/startup_stm32f103xb.o
TIM1_UP_IRQHandler                                build/startup_stm32f103xb.o
TIM2_IRQHandler                                   build/startup_stm32f103xb.o
TIM3_IRQHandler                                   build/startup_stm32f103xb.o
TIM4_IRQHandler                                   build/startup_stm32f103xb.o
UART_Start_Receive_DMA                            build/stm32f1xx_hal_uart.o
UART_Start_Receive_IT                             build/stm32f1xx_hal_uart.o
USART1_IRQHandler                                 build/stm32f1xx_it.o
USART2_IRQHandler                                 build/startup_stm32f103xb.o
USART3_IRQHandler                                 build/startup_stm32f103xb.o
USBWakeUp_IRQHandler                              build/startup_stm32f103xb.o
USB_HP_CAN1_TX_IRQHandler                         build/startup_stm32f103xb.o
USB_LP_CAN1_RX0_IRQHandler                        build/startup_stm32f103xb.o
UsageFault_Handler                                build/stm32f1xx_it.o
WWDG_IRQHandler                                   build/startup_stm32f103xb.o
__bss_end__                                       d:/10 2021.10/bin/../lib/gcc/arm-none-eabi/10.3.1/../../../../arm-none-eabi/lib/thumb/v7-m/nofp/crt0.o
__bss_start__                                     d:/10 2021.10/bin/../lib/gcc/arm-none-eabi/10.3.1/../../../../arm-none-eabi/lib/thumb/v7-m/nofp/crt0.o
__call_exitprocs                                  d:/10 2021.10/bin/../lib/gcc/arm-none-eabi/10.3.1/../../../../arm-none-eabi/lib/thumb/v7-m/nofp\libc_nano.a(lib_a-exit.o)
__deregister_frame_info                           d:/10 2021.10/bin/../lib/gcc/arm-none-eabi/10.3.1/thumb/v7-m/nofp/crtbegin.o
__dso_handle                                      d:/10 2021.10/bin/../lib/gcc/arm-none-eabi/10.3.1/thumb/v7-m/nofp/crtbegin.o
__init_array_end                                  d:/10 2021.10/bin/../lib/gcc/arm-none-eabi/10.3.1/../../../../arm-none-eabi/lib/thumb/v7-m/nofp\libc_nano.a(lib_a-init.o)
__init_array_start                                d:/10 2021.10/bin/../lib/gcc/arm-none-eabi/10.3.1/../../../../arm-none-eabi/lib/thumb/v7-m/nofp\libc_nano.a(lib_a-init.o)
__libc_fini_array                                 d:/10 2021.10/bin/../lib/gcc/arm-none-eabi/10.3.1/../../../../arm-none-eabi/lib/thumb/v7-m/nofp/crt0.o
__libc_init_array                                 d:/10 2021.10/bin/../lib/gcc/arm-none-eabi/10.3.1/../../../../arm-none-eabi/lib/thumb/v7-m/nofp\libc_nano.a(lib_a-init.o)
                                                  build/startup_stm32f103xb.o
                                                  d:/10 2021.10/bin/../lib/gcc/arm-none-eabi/10.3.1/../../../../arm-none-eabi/lib/thumb/v7-m/nofp/crt0.o
__lock___arc4random_mutex                         d:/10 2021.10/bin/../lib/gcc/arm-none-eabi/10.3.1/../../../../arm-none-eabi/lib/thumb/v7-m/nofp\libc_nano.a(lib_a-lock.o)
__lock___at_quick_exit_mutex                      d:/10 2021.10/bin/../lib/gcc/arm-none-eabi/10.3.1/../../../../arm-none-eabi/lib/thumb/v7-m/nofp\libc_nano.a(lib_a-lock.o)
__lock___atexit_recursive_mutex                   d:/10 2021.10/bin/../lib/gcc/arm-none-eabi/10.3.1/../../../../arm-none-eabi/lib/thumb/v7-m/nofp\libc_nano.a(lib_a-lock.o)
__lock___dd_hash_mutex                            d:/10 2021.10/bin/../lib/gcc/arm-none-eabi/10.3.1/../../../../arm-none-eabi/lib/thumb/v7-m/nofp\libc_nano.a(lib_a-lock.o)
__lock___env_recursive_mutex                      d:/10 2021.10/bin/../lib/gcc/arm-none-eabi/10.3.1/../../../../arm-none-eabi/lib/thumb/v7-m/nofp\libc_nano.a(lib_a-lock.o)
__lock___malloc_recursive_mutex                   d:/10 2021.10/bin/../lib/gcc/arm-none-eabi/10.3.1/../../../../arm-none-eabi/lib/thumb/v7-m/nofp\libc_nano.a(lib_a-lock.o)
                                                  d:/10 2021.10/bin/../lib/gcc/arm-none-eabi/10.3.1/../../../../arm-none-eabi/lib/thumb/v7-m/nofp\libc_nano.a(lib_a-mlock.o)
__lock___sfp_recursive_mutex                      d:/10 2021.10/bin/../lib/gcc/arm-none-eabi/10.3.1/../../../../arm-none-eabi/lib/thumb/v7-m/nofp\libc_nano.a(lib_a-lock.o)
__lock___sinit_recursive_mutex                    d:/10 2021.10/bin/../lib/gcc/arm-none-eabi/10.3.1/../../../../arm-none-eabi/lib/thumb/v7-m/nofp\libc_nano.a(lib_a-lock.o)
__lock___tz_mutex                                 d:/10 2021.10/bin/../lib/gcc/arm-none-eabi/10.3.1/../../../../arm-none-eabi/lib/thumb/v7-m/nofp\libc_nano.a(lib_a-lock.o)
__malloc_free_list                                d:/10 2021.10/bin/../lib/gcc/arm-none-eabi/10.3.1/../../../../arm-none-eabi/lib/thumb/v7-m/nofp\libc_nano.a(lib_a-nano-mallocr.o)
                                                  d:/10 2021.10/bin/../lib/gcc/arm-none-eabi/10.3.1/../../../../arm-none-eabi/lib/thumb/v7-m/nofp\libc_nano.a(lib_a-nano-freer.o)
__malloc_lock                                     d:/10 2021.10/bin/../lib/gcc/arm-none-eabi/10.3.1/../../../../arm-none-eabi/lib/thumb/v7-m/nofp\libc_nano.a(lib_a-mlock.o)
                                                  d:/10 2021.10/bin/../lib/gcc/arm-none-eabi/10.3.1/../../../../arm-none-eabi/lib/thumb/v7-m/nofp\libc_nano.a(lib_a-nano-mallocr.o)
                                                  d:/10 2021.10/bin/../lib/gcc/arm-none-eabi/10.3.1/../../../../arm-none-eabi/lib/thumb/v7-m/nofp\libc_nano.a(lib_a-nano-freer.o)
__malloc_sbrk_start                               d:/10 2021.10/bin/../lib/gcc/arm-none-eabi/10.3.1/../../../../arm-none-eabi/lib/thumb/v7-m/nofp\libc_nano.a(lib_a-nano-mallocr.o)
__malloc_unlock                                   d:/10 2021.10/bin/../lib/gcc/arm-none-eabi/10.3.1/../../../../arm-none-eabi/lib/thumb/v7-m/nofp\libc_nano.a(lib_a-mlock.o)
                                                  d:/10 2021.10/bin/../lib/gcc/arm-none-eabi/10.3.1/../../../../arm-none-eabi/lib/thumb/v7-m/nofp\libc_nano.a(lib_a-nano-mallocr.o)
                                                  d:/10 2021.10/bin/../lib/gcc/arm-none-eabi/10.3.1/../../../../arm-none-eabi/lib/thumb/v7-m/nofp\libc_nano.a(lib_a-nano-freer.o)
__preinit_array_end                               d:/10 2021.10/bin/../lib/gcc/arm-none-eabi/10.3.1/../../../../arm-none-eabi/lib/thumb/v7-m/nofp\libc_nano.a(lib_a-init.o)
__preinit_array_start                             d:/10 2021.10/bin/../lib/gcc/arm-none-eabi/10.3.1/../../../../arm-none-eabi/lib/thumb/v7-m/nofp\libc_nano.a(lib_a-init.o)
__register_frame_info                             d:/10 2021.10/bin/../lib/gcc/arm-none-eabi/10.3.1/thumb/v7-m/nofp/crtbegin.o
__retarget_lock_acquire                           d:/10 2021.10/bin/../lib/gcc/arm-none-eabi/10.3.1/../../../../arm-none-eabi/lib/thumb/v7-m/nofp\libc_nano.a(lib_a-lock.o)
__retarget_lock_acquire_recursive                 d:/10 2021.10/bin/../lib/gcc/arm-none-eabi/10.3.1/../../../../arm-none-eabi/lib/thumb/v7-m/nofp\libc_nano.a(lib_a-lock.o)
                                                  d:/10 2021.10/bin/../lib/gcc/arm-none-eabi/10.3.1/../../../../arm-none-eabi/lib/thumb/v7-m/nofp\libc_nano.a(lib_a-mlock.o)
__retarget_lock_close                             d:/10 2021.10/bin/../lib/gcc/arm-none-eabi/10.3.1/../../../../arm-none-eabi/lib/thumb/v7-m/nofp\libc_nano.a(lib_a-lock.o)
__retarget_lock_close_recursive                   d:/10 2021.10/bin/../lib/gcc/arm-none-eabi/10.3.1/../../../../arm-none-eabi/lib/thumb/v7-m/nofp\libc_nano.a(lib_a-lock.o)
__retarget_lock_init                              d:/10 2021.10/bin/../lib/gcc/arm-none-eabi/10.3.1/../../../../arm-none-eabi/lib/thumb/v7-m/nofp\libc_nano.a(lib_a-lock.o)
__retarget_lock_init_recursive                    d:/10 2021.10/bin/../lib/gcc/arm-none-eabi/10.3.1/../../../../arm-none-eabi/lib/thumb/v7-m/nofp\libc_nano.a(lib_a-lock.o)
__retarget_lock_release                           d:/10 2021.10/bin/../lib/gcc/arm-none-eabi/10.3.1/../../../../arm-none-eabi/lib/thumb/v7-m/nofp\libc_nano.a(lib_a-lock.o)
__retarget_lock_release_recursive                 d:/10 2021.10/bin/../lib/gcc/arm-none-eabi/10.3.1/../../../../arm-none-eabi/lib/thumb/v7-m/nofp\libc_nano.a(lib_a-lock.o)
                                                  d:/10 2021.10/bin/../lib/gcc/arm-none-eabi/10.3.1/../../../../arm-none-eabi/lib/thumb/v7-m/nofp\libc_nano.a(lib_a-mlock.o)
__retarget_lock_try_acquire                       d:/10 2021.10/bin/../lib/gcc/arm-none-eabi/10.3.1/../../../../arm-none-eabi/lib/thumb/v7-m/nofp\libc_nano.a(lib_a-lock.o)
__retarget_lock_try_acquire_recursive             d:/10 2021.10/bin/../lib/gcc/arm-none-eabi/10.3.1/../../../../arm-none-eabi/lib/thumb/v7-m/nofp\libc_nano.a(lib_a-lock.o)
__sf_fake_stderr                                  d:/10 2021.10/bin/../lib/gcc/arm-none-eabi/10.3.1/../../../../arm-none-eabi/lib/thumb/v7-m/nofp\libc_nano.a(lib_a-impure.o)
__sf_fake_stdin                                   d:/10 2021.10/bin/../lib/gcc/arm-none-eabi/10.3.1/../../../../arm-none-eabi/lib/thumb/v7-m/nofp\libc_nano.a(lib_a-impure.o)
__sf_fake_stdout                                  d:/10 2021.10/bin/../lib/gcc/arm-none-eabi/10.3.1/../../../../arm-none-eabi/lib/thumb/v7-m/nofp\libc_nano.a(lib_a-impure.o)
__ssprint_r                                       d:/10 2021.10/bin/../lib/gcc/arm-none-eabi/10.3.1/../../../../arm-none-eabi/lib/thumb/v7-m/nofp\libc_nano.a(lib_a-nano-svfprintf.o)
__ssputs_r                                        d:/10 2021.10/bin/../lib/gcc/arm-none-eabi/10.3.1/../../../../arm-none-eabi/lib/thumb/v7-m/nofp\libc_nano.a(lib_a-nano-svfprintf.o)
__stack                                           d:/10 2021.10/bin/../lib/gcc/arm-none-eabi/10.3.1/../../../../arm-none-eabi/lib/thumb/v7-m/nofp/crt0.o
_ebss                                             build/startup_stm32f103xb.o
_edata                                            build/startup_stm32f103xb.o
_estack                                           build/startup_stm32f103xb.o
_exit                                             d:/10 2021.10/bin/../lib/gcc/arm-none-eabi/10.3.1/../../../../arm-none-eabi/lib/thumb/v7-m/nofp\libnosys.a(_exit.o)
                                                  d:/10 2021.10/bin/../lib/gcc/arm-none-eabi/10.3.1/../../../../arm-none-eabi/lib/thumb/v7-m/nofp\libc_nano.a(lib_a-exit.o)
_fini                                             d:/10 2021.10/bin/../lib/gcc/arm-none-eabi/10.3.1/thumb/v7-m/nofp/crti.o
_free_r                                           d:/10 2021.10/bin/../lib/gcc/arm-none-eabi/10.3.1/../../../../arm-none-eabi/lib/thumb/v7-m/nofp\libc_nano.a(lib_a-nano-freer.o)
                                                  d:/10 2021.10/bin/../lib/gcc/arm-none-eabi/10.3.1/../../../../arm-none-eabi/lib/thumb/v7-m/nofp\libc_nano.a(lib_a-reent.o)
                                                  d:/10 2021.10/bin/../lib/gcc/arm-none-eabi/10.3.1/../../../../arm-none-eabi/lib/thumb/v7-m/nofp\libc_nano.a(lib_a-nano-reallocr.o)
                                                  d:/10 2021.10/bin/../lib/gcc/arm-none-eabi/10.3.1/../../../../arm-none-eabi/lib/thumb/v7-m/nofp\libc_nano.a(lib_a-nano-svfprintf.o)
_global_impure_ptr                                d:/10 2021.10/bin/../lib/gcc/arm-none-eabi/10.3.1/../../../../arm-none-eabi/lib/thumb/v7-m/nofp\libc_nano.a(lib_a-impure.o)
                                                  d:/10 2021.10/bin/../lib/gcc/arm-none-eabi/10.3.1/../../../../arm-none-eabi/lib/thumb/v7-m/nofp\libc_nano.a(lib_a-exit.o)
_impure_ptr                                       d:/10 2021.10/bin/../lib/gcc/arm-none-eabi/10.3.1/../../../../arm-none-eabi/lib/thumb/v7-m/nofp\libc_nano.a(lib_a-impure.o)
                                                  d:/10 2021.10/bin/../lib/gcc/arm-none-eabi/10.3.1/../../../../arm-none-eabi/lib/thumb/v7-m/nofp\libc_nano.a(lib_a-reent.o)
                                                  d:/10 2021.10/bin/../lib/gcc/arm-none-eabi/10.3.1/../../../../arm-none-eabi/lib/thumb/v7-m/nofp\libc_nano.a(lib_a-sprintf.o)
_init                                             d:/10 2021.10/bin/../lib/gcc/arm-none-eabi/10.3.1/thumb/v7-m/nofp/crti.o
                                                  d:/10 2021.10/bin/../lib/gcc/arm-none-eabi/10.3.1/../../../../arm-none-eabi/lib/thumb/v7-m/nofp\libc_nano.a(lib_a-init.o)
_mainCRTStartup                                   d:/10 2021.10/bin/../lib/gcc/arm-none-eabi/10.3.1/../../../../arm-none-eabi/lib/thumb/v7-m/nofp/crt0.o
_malloc_r                                         d:/10 2021.10/bin/../lib/gcc/arm-none-eabi/10.3.1/../../../../arm-none-eabi/lib/thumb/v7-m/nofp\libc_nano.a(lib_a-nano-mallocr.o)
                                                  d:/10 2021.10/bin/../lib/gcc/arm-none-eabi/10.3.1/../../../../arm-none-eabi/lib/thumb/v7-m/nofp\libc_nano.a(lib_a-nano-reallocr.o)
                                                  d:/10 2021.10/bin/../lib/gcc/arm-none-eabi/10.3.1/../../../../arm-none-eabi/lib/thumb/v7-m/nofp\libc_nano.a(lib_a-nano-svfprintf.o)
_malloc_usable_size_r                             d:/10 2021.10/bin/../lib/gcc/arm-none-eabi/10.3.1/../../../../arm-none-eabi/lib/thumb/v7-m/nofp\libc_nano.a(lib_a-nano-msizer.o)
                                                  d:/10 2021.10/bin/../lib/gcc/arm-none-eabi/10.3.1/../../../../arm-none-eabi/lib/thumb/v7-m/nofp\libc_nano.a(lib_a-nano-reallocr.o)
_printf_common                                    d:/10 2021.10/bin/../lib/gcc/arm-none-eabi/10.3.1/../../../../arm-none-eabi/lib/thumb/v7-m/nofp\libc_nano.a(lib_a-nano-vfprintf_i.o)
_printf_float                                     d:/10 2021.10/bin/../lib/gcc/arm-none-eabi/10.3.1/../../../../arm-none-eabi/lib/thumb/v7-m/nofp\libc_nano.a(lib_a-nano-svfprintf.o)
_printf_i                                         d:/10 2021.10/bin/../lib/gcc/arm-none-eabi/10.3.1/../../../../arm-none-eabi/lib/thumb/v7-m/nofp\libc_nano.a(lib_a-nano-vfprintf_i.o)
                                                  d:/10 2021.10/bin/../lib/gcc/arm-none-eabi/10.3.1/../../../../arm-none-eabi/lib/thumb/v7-m/nofp\libc_nano.a(lib_a-nano-svfprintf.o)
_realloc_r                                        d:/10 2021.10/bin/../lib/gcc/arm-none-eabi/10.3.1/../../../../arm-none-eabi/lib/thumb/v7-m/nofp\libc_nano.a(lib_a-nano-reallocr.o)
                                                  d:/10 2021.10/bin/../lib/gcc/arm-none-eabi/10.3.1/../../../../arm-none-eabi/lib/thumb/v7-m/nofp\libc_nano.a(lib_a-nano-svfprintf.o)
_reclaim_reent                                    d:/10 2021.10/bin/../lib/gcc/arm-none-eabi/10.3.1/../../../../arm-none-eabi/lib/thumb/v7-m/nofp\libc_nano.a(lib_a-reent.o)
_sbrk                                             d:/10 2021.10/bin/../lib/gcc/arm-none-eabi/10.3.1/../../../../arm-none-eabi/lib/thumb/v7-m/nofp\libnosys.a(sbrk.o)
                                                  d:/10 2021.10/bin/../lib/gcc/arm-none-eabi/10.3.1/../../../../arm-none-eabi/lib/thumb/v7-m/nofp\libc_nano.a(lib_a-sbrkr.o)
_sbrk_r                                           d:/10 2021.10/bin/../lib/gcc/arm-none-eabi/10.3.1/../../../../arm-none-eabi/lib/thumb/v7-m/nofp\libc_nano.a(lib_a-sbrkr.o)
                                                  d:/10 2021.10/bin/../lib/gcc/arm-none-eabi/10.3.1/../../../../arm-none-eabi/lib/thumb/v7-m/nofp\libc_nano.a(lib_a-nano-mallocr.o)
_sbss                                             build/startup_stm32f103xb.o
_sdata                                            build/startup_stm32f103xb.o
_sidata                                           build/startup_stm32f103xb.o
_siprintf_r                                       d:/10 2021.10/bin/../lib/gcc/arm-none-eabi/10.3.1/../../../../arm-none-eabi/lib/thumb/v7-m/nofp\libc_nano.a(lib_a-sprintf.o)
_sprintf_r                                        d:/10 2021.10/bin/../lib/gcc/arm-none-eabi/10.3.1/../../../../arm-none-eabi/lib/thumb/v7-m/nofp\libc_nano.a(lib_a-sprintf.o)
_stack_init                                       d:/10 2021.10/bin/../lib/gcc/arm-none-eabi/10.3.1/../../../../arm-none-eabi/lib/thumb/v7-m/nofp/crt0.o
_start                                            d:/10 2021.10/bin/../lib/gcc/arm-none-eabi/10.3.1/../../../../arm-none-eabi/lib/thumb/v7-m/nofp/crt0.o
_svfiprintf_r                                     d:/10 2021.10/bin/../lib/gcc/arm-none-eabi/10.3.1/../../../../arm-none-eabi/lib/thumb/v7-m/nofp\libc_nano.a(lib_a-nano-svfprintf.o)
_svfprintf_r                                      d:/10 2021.10/bin/../lib/gcc/arm-none-eabi/10.3.1/../../../../arm-none-eabi/lib/thumb/v7-m/nofp\libc_nano.a(lib_a-nano-svfprintf.o)
                                                  d:/10 2021.10/bin/../lib/gcc/arm-none-eabi/10.3.1/../../../../arm-none-eabi/lib/thumb/v7-m/nofp\libc_nano.a(lib_a-sprintf.o)
atexit                                            d:/10 2021.10/bin/../lib/gcc/arm-none-eabi/10.3.1/../../../../arm-none-eabi/lib/thumb/v7-m/nofp/crt0.o
cleanup_glue                                      d:/10 2021.10/bin/../lib/gcc/arm-none-eabi/10.3.1/../../../../arm-none-eabi/lib/thumb/v7-m/nofp\libc_nano.a(lib_a-reent.o)
end                                               build/main.o
                                                  d:/10 2021.10/bin/../lib/gcc/arm-none-eabi/10.3.1/../../../../arm-none-eabi/lib/thumb/v7-m/nofp\libnosys.a(sbrk.o)
errno                                             d:/10 2021.10/bin/../lib/gcc/arm-none-eabi/10.3.1/../../../../arm-none-eabi/lib/thumb/v7-m/nofp\libc_nano.a(lib_a-reent.o)
                                                  d:/10 2021.10/bin/../lib/gcc/arm-none-eabi/10.3.1/../../../../arm-none-eabi/lib/thumb/v7-m/nofp\libc_nano.a(lib_a-sbrkr.o)
exit                                              d:/10 2021.10/bin/../lib/gcc/arm-none-eabi/10.3.1/../../../../arm-none-eabi/lib/thumb/v7-m/nofp\libc_nano.a(lib_a-exit.o)
                                                  d:/10 2021.10/bin/../lib/gcc/arm-none-eabi/10.3.1/../../../../arm-none-eabi/lib/thumb/v7-m/nofp/crt0.o
g_pfnVectors                                      build/startup_stm32f103xb.o
hardware_init_hook                                d:/10 2021.10/bin/../lib/gcc/arm-none-eabi/10.3.1/../../../../arm-none-eabi/lib/thumb/v7-m/nofp/crt0.o
huart1                                            build/usart.o
                                                  build/stm32f1xx_it.o
                                                  build/main.o
main                                              build/main.o
                                                  build/startup_stm32f103xb.o
                                                  d:/10 2021.10/bin/../lib/gcc/arm-none-eabi/10.3.1/../../../../arm-none-eabi/lib/thumb/v7-m/nofp/crt0.o
memchr                                            d:/10 2021.10/bin/../lib/gcc/arm-none-eabi/10.3.1/../../../../arm-none-eabi/lib/thumb/v7-m/nofp\libc_nano.a(lib_a-memchr-stub.o)
                                                  d:/10 2021.10/bin/../lib/gcc/arm-none-eabi/10.3.1/../../../../arm-none-eabi/lib/thumb/v7-m/nofp\libc_nano.a(lib_a-nano-vfprintf_i.o)
                                                  d:/10 2021.10/bin/../lib/gcc/arm-none-eabi/10.3.1/../../../../arm-none-eabi/lib/thumb/v7-m/nofp\libc_nano.a(lib_a-nano-svfprintf.o)
memcpy                                            d:/10 2021.10/bin/../lib/gcc/arm-none-eabi/10.3.1/../../../../arm-none-eabi/lib/thumb/v7-m/nofp\libc_nano.a(lib_a-memcpy-stub.o)
                                                  d:/10 2021.10/bin/../lib/gcc/arm-none-eabi/10.3.1/../../../../arm-none-eabi/lib/thumb/v7-m/nofp\libc_nano.a(lib_a-nano-reallocr.o)
                                                  d:/10 2021.10/bin/../lib/gcc/arm-none-eabi/10.3.1/../../../../arm-none-eabi/lib/thumb/v7-m/nofp\libc_nano.a(lib_a-nano-svfprintf.o)
memmove                                           d:/10 2021.10/bin/../lib/gcc/arm-none-eabi/10.3.1/../../../../arm-none-eabi/lib/thumb/v7-m/nofp\libc_nano.a(lib_a-memmove.o)
                                                  d:/10 2021.10/bin/../lib/gcc/arm-none-eabi/10.3.1/../../../../arm-none-eabi/lib/thumb/v7-m/nofp\libc_nano.a(lib_a-nano-svfprintf.o)
memset                                            d:/10 2021.10/bin/../lib/gcc/arm-none-eabi/10.3.1/../../../../arm-none-eabi/lib/thumb/v7-m/nofp\libc_nano.a(lib_a-memset.o)
                                                  build/main.o
                                                  d:/10 2021.10/bin/../lib/gcc/arm-none-eabi/10.3.1/../../../../arm-none-eabi/lib/thumb/v7-m/nofp/crt0.o
nextion_sendstring                                build/main.o
pFlash                                            build/stm32f1xx_hal_flash.o
                                                  build/stm32f1xx_hal_flash_ex.o
rx_hmi                                            build/main.o
siprintf                                          d:/10 2021.10/bin/../lib/gcc/arm-none-eabi/10.3.1/../../../../arm-none-eabi/lib/thumb/v7-m/nofp\libc_nano.a(lib_a-sprintf.o)
software_init_hook                                d:/10 2021.10/bin/../lib/gcc/arm-none-eabi/10.3.1/../../../../arm-none-eabi/lib/thumb/v7-m/nofp/crt0.o
sprintf                                           d:/10 2021.10/bin/../lib/gcc/arm-none-eabi/10.3.1/../../../../arm-none-eabi/lib/thumb/v7-m/nofp\libc_nano.a(lib_a-sprintf.o)
                                                  build/main.o
strlen                                            d:/10 2021.10/bin/../lib/gcc/arm-none-eabi/10.3.1/../../../../arm-none-eabi/lib/thumb/v7-m/nofp\libc_nano.a(lib_a-strlen.o)
                                                  build/main.o
uwTick                                            build/stm32f1xx_hal.o
uwTickFreq                                        build/stm32f1xx_hal.o
uwTickPrio                                        build/stm32f1xx_hal.o
                                                  build/stm32f1xx_hal_rcc.o
